Archive member included to satisfy reference by file (symbol)

c:/st/stm32cubeide_1.9.0/stm32cubeide/plugins/com.st.stm32cube.ide.mcu.externaltools.gnu-tools-for-stm32.10.3-2021.10.win32_1.0.0.202111181127/tools/bin/../lib/gcc/arm-none-eabi/10.3.1/../../../../arm-none-eabi/lib/thumb/v7e-m+fp/hard\libc_nano.a(lib_a-errno.o)
                              ./Core/Src/syscalls.o (__errno)
c:/st/stm32cubeide_1.9.0/stm32cubeide/plugins/com.st.stm32cube.ide.mcu.externaltools.gnu-tools-for-stm32.10.3-2021.10.win32_1.0.0.202111181127/tools/bin/../lib/gcc/arm-none-eabi/10.3.1/../../../../arm-none-eabi/lib/thumb/v7e-m+fp/hard\libc_nano.a(lib_a-exit.o)
                              c:/st/stm32cubeide_1.9.0/stm32cubeide/plugins/com.st.stm32cube.ide.mcu.externaltools.gnu-tools-for-stm32.10.3-2021.10.win32_1.0.0.202111181127/tools/bin/../lib/gcc/arm-none-eabi/10.3.1/../../../../arm-none-eabi/lib/thumb/v7e-m+fp/hard/crt0.o (exit)
c:/st/stm32cubeide_1.9.0/stm32cubeide/plugins/com.st.stm32cube.ide.mcu.externaltools.gnu-tools-for-stm32.10.3-2021.10.win32_1.0.0.202111181127/tools/bin/../lib/gcc/arm-none-eabi/10.3.1/../../../../arm-none-eabi/lib/thumb/v7e-m+fp/hard\libc_nano.a(lib_a-impure.o)
                              c:/st/stm32cubeide_1.9.0/stm32cubeide/plugins/com.st.stm32cube.ide.mcu.externaltools.gnu-tools-for-stm32.10.3-2021.10.win32_1.0.0.202111181127/tools/bin/../lib/gcc/arm-none-eabi/10.3.1/../../../../arm-none-eabi/lib/thumb/v7e-m+fp/hard\libc_nano.a(lib_a-exit.o) (_global_impure_ptr)
c:/st/stm32cubeide_1.9.0/stm32cubeide/plugins/com.st.stm32cube.ide.mcu.externaltools.gnu-tools-for-stm32.10.3-2021.10.win32_1.0.0.202111181127/tools/bin/../lib/gcc/arm-none-eabi/10.3.1/../../../../arm-none-eabi/lib/thumb/v7e-m+fp/hard\libc_nano.a(lib_a-init.o)
                              c:/st/stm32cubeide_1.9.0/stm32cubeide/plugins/com.st.stm32cube.ide.mcu.externaltools.gnu-tools-for-stm32.10.3-2021.10.win32_1.0.0.202111181127/tools/bin/../lib/gcc/arm-none-eabi/10.3.1/../../../../arm-none-eabi/lib/thumb/v7e-m+fp/hard/crt0.o (__libc_init_array)
c:/st/stm32cubeide_1.9.0/stm32cubeide/plugins/com.st.stm32cube.ide.mcu.externaltools.gnu-tools-for-stm32.10.3-2021.10.win32_1.0.0.202111181127/tools/bin/../lib/gcc/arm-none-eabi/10.3.1/../../../../arm-none-eabi/lib/thumb/v7e-m+fp/hard\libc_nano.a(lib_a-malloc.o)
                              ./Core/Src/max30102_lib.o (malloc)
c:/st/stm32cubeide_1.9.0/stm32cubeide/plugins/com.st.stm32cube.ide.mcu.externaltools.gnu-tools-for-stm32.10.3-2021.10.win32_1.0.0.202111181127/tools/bin/../lib/gcc/arm-none-eabi/10.3.1/../../../../arm-none-eabi/lib/thumb/v7e-m+fp/hard\libc_nano.a(lib_a-memcpy-stub.o)
                              ./Core/Src/max30102_lib.o (memcpy)
c:/st/stm32cubeide_1.9.0/stm32cubeide/plugins/com.st.stm32cube.ide.mcu.externaltools.gnu-tools-for-stm32.10.3-2021.10.win32_1.0.0.202111181127/tools/bin/../lib/gcc/arm-none-eabi/10.3.1/../../../../arm-none-eabi/lib/thumb/v7e-m+fp/hard\libc_nano.a(lib_a-memset.o)
                              c:/st/stm32cubeide_1.9.0/stm32cubeide/plugins/com.st.stm32cube.ide.mcu.externaltools.gnu-tools-for-stm32.10.3-2021.10.win32_1.0.0.202111181127/tools/bin/../lib/gcc/arm-none-eabi/10.3.1/../../../../arm-none-eabi/lib/thumb/v7e-m+fp/hard/crt0.o (memset)
c:/st/stm32cubeide_1.9.0/stm32cubeide/plugins/com.st.stm32cube.ide.mcu.externaltools.gnu-tools-for-stm32.10.3-2021.10.win32_1.0.0.202111181127/tools/bin/../lib/gcc/arm-none-eabi/10.3.1/../../../../arm-none-eabi/lib/thumb/v7e-m+fp/hard\libc_nano.a(lib_a-nano-freer.o)
                              c:/st/stm32cubeide_1.9.0/stm32cubeide/plugins/com.st.stm32cube.ide.mcu.externaltools.gnu-tools-for-stm32.10.3-2021.10.win32_1.0.0.202111181127/tools/bin/../lib/gcc/arm-none-eabi/10.3.1/../../../../arm-none-eabi/lib/thumb/v7e-m+fp/hard\libc_nano.a(lib_a-malloc.o) (_free_r)
c:/st/stm32cubeide_1.9.0/stm32cubeide/plugins/com.st.stm32cube.ide.mcu.externaltools.gnu-tools-for-stm32.10.3-2021.10.win32_1.0.0.202111181127/tools/bin/../lib/gcc/arm-none-eabi/10.3.1/../../../../arm-none-eabi/lib/thumb/v7e-m+fp/hard\libc_nano.a(lib_a-nano-mallocr.o)
                              c:/st/stm32cubeide_1.9.0/stm32cubeide/plugins/com.st.stm32cube.ide.mcu.externaltools.gnu-tools-for-stm32.10.3-2021.10.win32_1.0.0.202111181127/tools/bin/../lib/gcc/arm-none-eabi/10.3.1/../../../../arm-none-eabi/lib/thumb/v7e-m+fp/hard\libc_nano.a(lib_a-malloc.o) (_malloc_r)
c:/st/stm32cubeide_1.9.0/stm32cubeide/plugins/com.st.stm32cube.ide.mcu.externaltools.gnu-tools-for-stm32.10.3-2021.10.win32_1.0.0.202111181127/tools/bin/../lib/gcc/arm-none-eabi/10.3.1/../../../../arm-none-eabi/lib/thumb/v7e-m+fp/hard\libc_nano.a(lib_a-sbrkr.o)
                              c:/st/stm32cubeide_1.9.0/stm32cubeide/plugins/com.st.stm32cube.ide.mcu.externaltools.gnu-tools-for-stm32.10.3-2021.10.win32_1.0.0.202111181127/tools/bin/../lib/gcc/arm-none-eabi/10.3.1/../../../../arm-none-eabi/lib/thumb/v7e-m+fp/hard\libc_nano.a(lib_a-nano-mallocr.o) (_sbrk_r)
[...]
Memory Configuration

Name             Origin             Length             Attributes
CCMRAM           0x0000000010000000 0x0000000000010000 xrw
RAM              0x0000000020000000 0x0000000000020000 xrw
FLASH            0x0000000008000000 0x0000000000100000 xr
*default*        0x0000000000000000 0xffffffffffffffff

Linker script and memory map

LOAD c:/st/stm32cubeide_1.9.0/stm32cubeide/plugins/com.st.stm32cube.ide.mcu.externaltools.gnu-tools-for-stm32.10.3-2021.10.win32_1.0.0.202111181127/tools/bin/../lib/gcc/arm-none-eabi/10.3.1/thumb/v7e-m+fp/hard/crti.o
LOAD c:/st/stm32cubeide_1.9.0/stm32cubeide/plugins/com.st.stm32cube.ide.mcu.externaltools.gnu-tools-for-stm32.10.3-2021.10.win32_1.0.0.202111181127/tools/bin/../lib/gcc/arm-none-eabi/10.3.1/thumb/v7e-m+fp/hard/crtbegin.o
LOAD c:/st/stm32cubeide_1.9.0/stm32cubeide/plugins/com.st.stm32cube.ide.mcu.externaltools.gnu-tools-for-stm32.10.3-2021.10.win32_1.0.0.202111181127/tools/bin/../lib/gcc/arm-none-eabi/10.3.1/../../../../arm-none-eabi/lib/thumb/v7e-m+fp/hard/crt0.o
LOAD ./Core/Src/algorithm.o
LOAD ./Core/Src/fonts.o
LOAD ./Core/Src/main.o
LOAD ./Core/Src/max30102_lib.o
LOAD ./Core/Src/ssd1306.o
LOAD ./Core/Src/stm32f4xx_hal_msp.o
LOAD ./Core/Src/stm32f4xx_hal_timebase_tim.o
LOAD ./Core/Src/stm32f4xx_it.o
LOAD ./Core/Src/syscalls.o
LOAD ./Core/Src/system_stm32f4xx.o
LOAD ./Core/Src/test.o
LOAD ./Core/Startup/startup_stm32f407vgtx.o
LOAD ./Drivers/STM32F4xx_HAL_Driver/Src/stm32f4xx_hal.o
LOAD ./Drivers/STM32F4xx_HAL_Driver/Src/stm32f4xx_hal_adc.o
LOAD ./Drivers/STM32F4xx_HAL_Driver/Src/stm32f4xx_hal_adc_ex.o
LOAD ./Drivers/STM32F4xx_HAL_Driver/Src/stm32f4xx_hal_cortex.o
LOAD ./Drivers/STM32F4xx_HAL_Driver/Src/stm32f4xx_hal_dma.o
LOAD ./Drivers/STM32F4xx_HAL_Driver/Src/stm32f4xx_hal_dma_ex.o
LOAD ./Drivers/STM32F4xx_HAL_Driver/Src/stm32f4xx_hal_exti.o
LOAD ./Drivers/STM32F4xx_HAL_Driver/Src/stm32f4xx_hal_flash.o
LOAD ./Drivers/STM32F4xx_HAL_Driver/Src/stm32f4xx_hal_flash_ex.o
LOAD ./Drivers/STM32F4xx_HAL_Driver/Src/stm32f4xx_hal_flash_ramfunc.o
LOAD ./Drivers/STM32F4xx_HAL_Driver/Src/stm32f4xx_hal_gpio.o
LOAD ./Drivers/STM32F4xx_HAL_Driver/Src/stm32f4xx_hal_hcd.o
LOAD ./Drivers/STM32F4xx_HAL_Driver/Src/stm32f4xx_hal_i2c.o
LOAD ./Drivers/STM32F4xx_HAL_Driver/Src/stm32f4xx_hal_i2c_ex.o
LOAD ./Drivers/STM32F4xx_HAL_Driver/Src/stm32f4xx_hal_i2s.o
LOAD ./Drivers/STM32F4xx_HAL_Driver/Src/stm32f4xx_hal_i2s_ex.o
LOAD ./Drivers/STM32F4xx_HAL_Driver/Src/stm32f4xx_hal_pwr.o
LOAD ./Drivers/STM32F4xx_HAL_Driver/Src/stm32f4xx_hal_pwr_ex.o
LOAD ./Drivers/STM32F4xx_HAL_Driver/Src/stm32f4xx_hal_rcc.o
LOAD ./Drivers/STM32F4xx_HAL_Driver/Src/stm32f4xx_hal_rcc_ex.o
LOAD ./Drivers/STM32F4xx_HAL_Driver/Src/stm32f4xx_hal_spi.o
LOAD ./Drivers/STM32F4xx_HAL_Driver/Src/stm32f4xx_hal_tim.o
LOAD ./Drivers/STM32F4xx_HAL_Driver/Src/stm32f4xx_hal_tim_ex.o
LOAD ./Drivers/STM32F4xx_HAL_Driver/Src/stm32f4xx_ll_adc.o
LOAD ./Drivers/STM32F4xx_HAL_Driver/Src/stm32f4xx_ll_usb.o
LOAD ./Middlewares/ST/STM32_USB_Host_Library/Class/CDC/Src/usbh_cdc.o
LOAD ./Middlewares/ST/STM32_USB_Host_Library/Core/Src/usbh_core.o
LOAD ./Middlewares/ST/STM32_USB_Host_Library/Core/Src/usbh_ctlreq.o
LOAD ./Middlewares/ST/STM32_USB_Host_Library/Core/Src/usbh_ioreq.o
LOAD ./Middlewares/ST/STM32_USB_Host_Library/Core/Src/usbh_pipes.o
LOAD ./ThirdParty/FreeRTOS/croutine.o
LOAD ./ThirdParty/FreeRTOS/event_groups.o
LOAD ./ThirdParty/FreeRTOS/list.o
LOAD ./ThirdParty/FreeRTOS/queue.o
LOAD ./ThirdParty/FreeRTOS/stream_buffer.o
LOAD ./ThirdParty/FreeRTOS/tasks.o
LOAD ./ThirdParty/FreeRTOS/timers.o
LOAD ./ThirdParty/FreeRTOS/portable/GCC/ARM_CM4F/port.o
LOAD ./ThirdParty/FreeRTOS/portable/MemMang/heap_4.o
LOAD ./USB_HOST/App/usb_host.o
LOAD ./USB_HOST/Target/usbh_conf.o
LOAD ./USB_HOST/Target/usbh_platform.o
START GROUP
LOAD c:/st/stm32cubeide_1.9.0/stm32cubeide/plugins/com.st.stm32cube.ide.mcu.externaltools.gnu-tools-for-stm32.10.3-2021.10.win32_1.0.0.202111181127/tools/bin/../lib/gcc/arm-none-eabi/10.3.1/../../../../arm-none-eabi/lib/thumb/v7e-m+fp/hard\libc_nano.a
LOAD c:/st/stm32cubeide_1.9.0/stm32cubeide/plugins/com.st.stm32cube.ide.mcu.externaltools.gnu-tools-for-stm32.10.3-2021.10.win32_1.0.0.202111181127/tools/bin/../lib/gcc/arm-none-eabi/10.3.1/../../../../arm-none-eabi/lib/thumb/v7e-m+fp/hard\libm.a
END GROUP
START GROUP
LOAD c:/st/stm32cubeide_1.9.0/stm32cubeide/plugins/com.st.stm32cube.ide.mcu.externaltools.gnu-tools-for-stm32.10.3-2021.10.win32_1.0.0.202111181127/tools/bin/../lib/gcc/arm-none-eabi/10.3.1/thumb/v7e-m+fp/hard\libgcc.a
LOAD c:/st/stm32cubeide_1.9.0/stm32cubeide/plugins/com.st.stm32cube.ide.mcu.externaltools.gnu-tools-for-stm32.10.3-2021.10.win32_1.0.0.202111181127/tools/bin/../lib/gcc/arm-none-eabi/10.3.1/../../../../arm-none-eabi/lib/thumb/v7e-m+fp/hard\libc_nano.a
END GROUP
START GROUP
LOAD c:/st/stm32cubeide_1.9.0/stm32cubeide/plugins/com.st.stm32cube.ide.mcu.externaltools.gnu-tools-for-stm32.10.3-2021.10.win32_1.0.0.202111181127/tools/bin/../lib/gcc/arm-none-eabi/10.3.1/thumb/v7e-m+fp/hard\libgcc.a
LOAD c:/st/stm32cubeide_1.9.0/stm32cubeide/plugins/com.st.stm32cube.ide.mcu.externaltools.gnu-tools-for-stm32.10.3-2021.10.win32_1.0.0.202111181127/tools/bin/../lib/gcc/arm-none-eabi/10.3.1/../../../../arm-none-eabi/lib/thumb/v7e-m+fp/hard\libc_nano.a
LOAD c:/st/stm32cubeide_1.9.0/stm32cubeide/plugins/com.st.stm32cube.ide.mcu.externaltools.gnu-tools-for-stm32.10.3-2021.10.win32_1.0.0.202111181127/tools/bin/../lib/gcc/arm-none-eabi/10.3.1/../../../../arm-none-eabi/lib/thumb/v7e-m+fp/hard\libnosys.a
END GROUP
START GROUP
LOAD c:/st/stm32cubeide_1.9.0/stm32cubeide/plugins/com.st.stm32cube.ide.mcu.externaltools.gnu-tools-for-stm32.10.3-2021.10.win32_1.0.0.202111181127/tools/bin/../lib/gcc/arm-none-eabi/10.3.1/thumb/v7e-m+fp/hard\libgcc.a
LOAD c:/st/stm32cubeide_1.9.0/stm32cubeide/plugins/com.st.stm32cube.ide.mcu.externaltools.gnu-tools-for-stm32.10.3-2021.10.win32_1.0.0.202111181127/tools/bin/../lib/gcc/arm-none-eabi/10.3.1/../../../../arm-none-eabi/lib/thumb/v7e-m+fp/hard\libc_nano.a
LOAD c:/st/stm32cubeide_1.9.0/stm32cubeide/plugins/com.st.stm32cube.ide.mcu.externaltools.gnu-tools-for-stm32.10.3-2021.10.win32_1.0.0.202111181127/tools/bin/../lib/gcc/arm-none-eabi/10.3.1/../../../../arm-none-eabi/lib/thumb/v7e-m+fp/hard\libnosys.a
END GROUP
LOAD c:/st/stm32cubeide_1.9.0/stm32cubeide/plugins/com.st.stm32cube.ide.mcu.externaltools.gnu-tools-for-stm32.10.3-2021.10.win32_1.0.0.202111181127/tools/bin/../lib/gcc/arm-none-eabi/10.3.1/thumb/v7e-m+fp/hard/crtend.o
LOAD c:/st/stm32cubeide_1.9.0/stm32cubeide/plugins/com.st.stm32cube.ide.mcu.externaltools.gnu-tools-for-stm32.10.3-2021.10.win32_1.0.0.202111181127/tools/bin/../lib/gcc/arm-none-eabi/10.3.1/thumb/v7e-m+fp/hard/crtn.o
                0x0000000020020000                _estack = (ORIGIN (RAM) + LENGTH (RAM))
                0x0000000000000200                _Min_Heap_Size = 0x200
                0x0000000000000400                _Min_Stack_Size = 0x400

.isr_vector     0x0000000008000000      0x188
                0x0000000008000000                . = ALIGN (0x4)
 *(.isr_vector)
 .isr_vector    0x0000000008000000      0x188 ./Core/Startup/startup_stm32f407vgtx.o
                0x0000000008000000                g_pfnVectors
                0x0000000008000188                . = ALIGN (0x4)

.text           0x0000000008000190    0x10b30
                0x0000000008000190                . = ALIGN (0x4)
 *(.text)
 .text          0x0000000008000190       0x40 c:/st/stm32cubeide_1.9.0/stm32cubeide/plugins/com.st.stm32cube.ide.mcu.externaltools.gnu-tools-for-stm32.10.3-2021.10.win32_1.0.0.202111181127/tools/bin/../lib/gcc/arm-none-eabi/10.3.1/thumb/v7e-m+fp/hard/crtbegin.o
 .text          0x00000000080001d0       0xa0 c:/st/stm32cubeide_1.9.0/stm32cubeide/plugins/com.st.stm32cube.ide.mcu.externaltools.gnu-tools-for-stm32.10.3-2021.10.win32_1.0.0.202111181127/tools/bin/../lib/gcc/arm-none-eabi/10.3.1/../../../../arm-none-eabi/lib/thumb/v7e-m+fp/hard\libc_nano.a(lib_a-memchr.o)
                0x00000000080001d0                memchr
 .text          0x0000000008000270       0x30 c:/st/stm32cubeide_1.9.0/stm32cubeide/plugins/com.st.stm32cube.ide.mcu.externaltools.gnu-tools-for-stm32.10.3-2021.10.win32_1.0.0.202111181127/tools/bin/../lib/gcc/arm-none-eabi/10.3.1/thumb/v7e-m+fp/hard\libgcc.a(_aeabi_uldivmod.o)
                0x0000000008000270                __aeabi_uldivmod
 .text          0x00000000080002a0      0x2d0 c:/st/stm32cubeide_1.9.0/stm32cubeide/plugins/com.st.stm32cube.ide.mcu.externaltools.gnu-tools-for-stm32.10.3-2021.10.win32_1.0.0.202111181127/tools/bin/../lib/gcc/arm-none-eabi/10.3.1/thumb/v7e-m+fp/hard\libgcc.a(_udivmoddi4.o)
                0x00000000080002a0                __udivmoddi4
 .text          0x0000000008000570        0x4 c:/st/stm32cubeide_1.9.0/stm32cubeide/plugins/com.st.stm32cube.ide.mcu.externaltools.gnu-tools-for-stm32.10.3-2021.10.win32_1.0.0.202111181127/tools/bin/../lib/gcc/arm-none-eabi/10.3.1/thumb/v7e-m+fp/hard\libgcc.a(_dvmd_tls.o)
                0x0000000008000570                __aeabi_idiv0
                0x0000000008000570                __aeabi_ldiv0
 *(.text*)
 .text.maxim_heart_rate_and_oxygen_saturation
                0x0000000008000574      0x614 ./Core/Src/algorithm.o
                0x0000000008000574                maxim_heart_rate_and_oxygen_saturation
 .text.maxim_find_peaks
                0x0000000008000b88       0x42 ./Core/Src/algorithm.o
                0x0000000008000b88                maxim_find_peaks
 .text.maxim_peaks_above_min_height
                0x0000000008000bca       0xe8 ./Core/Src/algorithm.o
                0x0000000008000bca                maxim_peaks_above_min_height
 .text.maxim_remove_close_peaks
                0x0000000008000cb2       0xc0 ./Core/Src/algorithm.o
                0x0000000008000cb2                maxim_remove_close_peaks
 .text.maxim_sort_ascend
                0x0000000008000d72       0x86 ./Core/Src/algorithm.o
                0x0000000008000d72                maxim_sort_ascend
 .text.maxim_sort_indices_descend
                0x0000000008000df8       0x98 ./Core/Src/algorithm.o
                0x0000000008000df8                maxim_sort_indices_descend
 .text.main     0x0000000008000e90      0x2fc ./Core/Src/main.o
                0x0000000008000e90                main
 .text.SystemClock_Config
                0x000000000800118c       0xd4 ./Core/Src/main.o
                0x000000000800118c                SystemClock_Config
 .text.MX_ADC1_Init
                0x0000000008001260       0xa8 ./Core/Src/main.o
 .text.MX_I2C1_Init
                0x0000000008001308       0x5c ./Core/Src/main.o
 .text.MX_I2C3_Init
                0x0000000008001364       0x5c ./Core/Src/main.o
 .text.MX_I2S3_Init
                0x00000000080013c0       0x60 ./Core/Src/main.o
 .text.MX_SPI1_Init
                0x0000000008001420       0x6c ./Core/Src/main.o
 .text.MX_TIM1_Init
                0x000000000800148c      0x144 ./Core/Src/main.o
 .text.MX_GPIO_Init
                0x00000000080015d0      0x1fc ./Core/Src/main.o
 .text.config_max30102_sensor
                0x00000000080017cc       0x48 ./Core/Src/main.o
                0x00000000080017cc                config_max30102_sensor
 .text.initiate_max30102_temp_measurement
                0x0000000008001814       0x18 ./Core/Src/main.o
                0x0000000008001814                initiate_max30102_temp_measurement
 .text.setIE    0x000000000800182c       0x5c ./Core/Src/main.o
 .text.map      0x0000000008001888       0x4e ./Core/Src/main.o
 *fill*         0x00000000080018d6        0x2 
 .text.motor_task_handler
                0x00000000080018d8       0xd4 ./Core/Src/main.o
 .text.max_sample_task_handler
                0x00000000080019ac       0x28 ./Core/Src/main.o
 .text.max_calc_task_handler
                0x00000000080019d4      0x210 ./Core/Src/main.o
 .text.pressure_task_handler
                0x0000000008001be4       0x68 ./Core/Src/main.o
 .text.oled_task_handler
                0x0000000008001c4c      0x18c ./Core/Src/main.o
 .text.adc_task_handler
                0x0000000008001dd8      0x114 ./Core/Src/main.o
 .text.indicator_task_handler
                0x0000000008001eec       0xac ./Core/Src/main.o
 .text.HAL_TIM_PeriodElapsedCallback
                0x0000000008001f98       0x24 ./Core/Src/main.o
                0x0000000008001f98                HAL_TIM_PeriodElapsedCallback
 .text.Error_Handler
                0x0000000008001fbc        0xa ./Core/Src/main.o
                0x0000000008001fbc                Error_Handler
 .text.max30102_init
                0x0000000008001fc6       0x34 ./Core/Src/max30102_lib.o
                0x0000000008001fc6                max30102_init
 .text.max30102_write
                0x0000000008001ffa       0x66 ./Core/Src/max30102_lib.o
                0x0000000008001ffa                max30102_write
 .text.max30102_read
                0x0000000008002060       0x46 ./Core/Src/max30102_lib.o
                0x0000000008002060                max30102_read
 .text.max30102_reset
                0x00000000080020a6       0x22 ./Core/Src/max30102_lib.o
                0x00000000080020a6                max30102_reset
 .text.max30102_clear_fifo
                0x00000000080020c8       0x3e ./Core/Src/max30102_lib.o
                0x00000000080020c8                max30102_clear_fifo
 .text.max30102_set_mode
                0x0000000008002106       0x22 ./Core/Src/max30102_lib.o
                0x0000000008002106                max30102_set_mode
 .text.max30102_interrupt_config
                0x0000000008002128       0x22 ./Core/Src/max30102_lib.o
                0x0000000008002128                max30102_interrupt_config
 .text.max30102_spo2_config
                0x000000000800214a       0x22 ./Core/Src/max30102_lib.o
                0x000000000800214a                max30102_spo2_config
 .text.max30102_fifo_config
                0x000000000800216c       0x22 ./Core/Src/max30102_lib.o
                0x000000000800216c                max30102_fifo_config
 .text.max30102_led1_settings
                0x000000000800218e       0x22 ./Core/Src/max30102_lib.o
                0x000000000800218e                max30102_led1_settings
 .text.max30102_led2_settings
                0x00000000080021b0       0x22 ./Core/Src/max30102_lib.o
                0x00000000080021b0                max30102_led2_settings
 .text.max30102_set_die_temp_en
                0x00000000080021d2       0x22 ./Core/Src/max30102_lib.o
                0x00000000080021d2                max30102_set_die_temp_en
 .text.max30102_set_die_temp_rdy
                0x00000000080021f4       0x22 ./Core/Src/max30102_lib.o
                0x00000000080021f4                max30102_set_die_temp_rdy
 *fill*         0x0000000008002216        0x2 
 .text.max30102_interrupt_handler
                0x0000000008002218       0x8c ./Core/Src/max30102_lib.o
                0x0000000008002218                max30102_interrupt_handler
 .text.max30102_read_fifo
                0x00000000080022a4       0xc8 ./Core/Src/max30102_lib.o
                0x00000000080022a4                max30102_read_fifo
 .text.max30102_read_temp
                0x000000000800236c       0x2c ./Core/Src/max30102_lib.o
                0x000000000800236c                max30102_read_temp
 .text.SSD1306_Init
                0x0000000008002398      0x188 ./Core/Src/ssd1306.o
                0x0000000008002398                SSD1306_Init
 .text.SSD1306_UpdateScreen
                0x0000000008002520       0x5c ./Core/Src/ssd1306.o
                0x0000000008002520                SSD1306_UpdateScreen
 .text.SSD1306_Fill
                0x000000000800257c       0x30 ./Core/Src/ssd1306.o
                0x000000000800257c                SSD1306_Fill
 .text.SSD1306_DrawPixel
                0x00000000080025ac       0xc0 ./Core/Src/ssd1306.o
                0x00000000080025ac                SSD1306_DrawPixel
 .text.SSD1306_GotoXY
                0x000000000800266c       0x2c ./Core/Src/ssd1306.o
                0x000000000800266c                SSD1306_GotoXY
 .text.SSD1306_Putc
                0x0000000008002698      0x100 ./Core/Src/ssd1306.o
                0x0000000008002698                SSD1306_Putc
 .text.SSD1306_Puts
                0x0000000008002798       0x4a ./Core/Src/ssd1306.o
                0x0000000008002798                SSD1306_Puts
 *fill*         0x00000000080027e2        0x2 
 .text.ssd1306_I2C_Init
                0x00000000080027e4       0x2c ./Core/Src/ssd1306.o
                0x00000000080027e4                ssd1306_I2C_Init
 .text.ssd1306_I2C_WriteMulti
                0x0000000008002810       0xcc ./Core/Src/ssd1306.o
                0x0000000008002810                ssd1306_I2C_WriteMulti
 .text.ssd1306_I2C_Write
                0x00000000080028dc       0x3c ./Core/Src/ssd1306.o
                0x00000000080028dc                ssd1306_I2C_Write
 .text.HAL_MspInit
                0x0000000008002918       0x50 ./Core/Src/stm32f4xx_hal_msp.o
                0x0000000008002918                HAL_MspInit
 .text.HAL_ADC_MspInit
                0x0000000008002968       0xc0 ./Core/Src/stm32f4xx_hal_msp.o
                0x0000000008002968                HAL_ADC_MspInit
 .text.HAL_I2C_MspInit
                0x0000000008002a28      0x150 ./Core/Src/stm32f4xx_hal_msp.o
                0x0000000008002a28                HAL_I2C_MspInit
 .text.HAL_I2S_MspInit
                0x0000000008002b78      0x100 ./Core/Src/stm32f4xx_hal_msp.o
                0x0000000008002b78                HAL_I2S_MspInit
 .text.HAL_SPI_MspInit
                0x0000000008002c78       0x90 ./Core/Src/stm32f4xx_hal_msp.o
                0x0000000008002c78                HAL_SPI_MspInit
 .text.HAL_TIM_Base_MspInit
                0x0000000008002d08       0x44 ./Core/Src/stm32f4xx_hal_msp.o
                0x0000000008002d08                HAL_TIM_Base_MspInit
 .text.HAL_TIM_MspPostInit
                0x0000000008002d4c       0x74 ./Core/Src/stm32f4xx_hal_msp.o
                0x0000000008002d4c                HAL_TIM_MspPostInit
 .text.HAL_InitTick
                0x0000000008002dc0       0xb4 ./Core/Src/stm32f4xx_hal_timebase_tim.o
                0x0000000008002dc0                HAL_InitTick
 .text.NMI_Handler
                0x0000000008002e74        0x6 ./Core/Src/stm32f4xx_it.o
                0x0000000008002e74                NMI_Handler
 .text.HardFault_Handler
                0x0000000008002e7a        0x6 ./Core/Src/stm32f4xx_it.o
                0x0000000008002e7a                HardFault_Handler
 .text.MemManage_Handler
                0x0000000008002e80        0x6 ./Core/Src/stm32f4xx_it.o
                0x0000000008002e80                MemManage_Handler
 .text.BusFault_Handler
                0x0000000008002e86        0x6 ./Core/Src/stm32f4xx_it.o
                0x0000000008002e86                BusFault_Handler
 .text.UsageFault_Handler
                0x0000000008002e8c        0x6 ./Core/Src/stm32f4xx_it.o
                0x0000000008002e8c                UsageFault_Handler
 .text.DebugMon_Handler
                0x0000000008002e92        0xe ./Core/Src/stm32f4xx_it.o
                0x0000000008002e92                DebugMon_Handler
 .text.TIM6_DAC_IRQHandler
                0x0000000008002ea0       0x14 ./Core/Src/stm32f4xx_it.o
                0x0000000008002ea0                TIM6_DAC_IRQHandler
 .text.OTG_FS_IRQHandler
                0x0000000008002eb4       0x14 ./Core/Src/stm32f4xx_it.o
                0x0000000008002eb4                OTG_FS_IRQHandler
 .text.I2C3_EV_IRQHandler
                0x0000000008002ec8       0x14 ./Core/Src/stm32f4xx_it.o
                0x0000000008002ec8                I2C3_EV_IRQHandler
 .text.SystemInit
                0x0000000008002edc       0x24 ./Core/Src/system_stm32f4xx.o
                0x0000000008002edc                SystemInit
 .text.Reset_Handler
                0x0000000008002f00       0x50 ./Core/Startup/startup_stm32f407vgtx.o
                0x0000000008002f00                Reset_Handler
 .text.Default_Handler
                0x0000000008002f50        0x2 ./Core/Startup/startup_stm32f407vgtx.o
                0x0000000008002f50                RTC_Alarm_IRQHandler
                0x0000000008002f50                HASH_RNG_IRQHandler
                0x0000000008002f50                EXTI2_IRQHandler
                0x0000000008002f50                TIM8_CC_IRQHandler
                0x0000000008002f50                TIM1_CC_IRQHandler
                0x0000000008002f50                DMA2_Stream5_IRQHandler
                0x0000000008002f50                DMA1_Stream5_IRQHandler
                0x0000000008002f50                PVD_IRQHandler
                0x0000000008002f50                SDIO_IRQHandler
                0x0000000008002f50                TAMP_STAMP_IRQHandler
                0x0000000008002f50                CAN2_RX1_IRQHandler
                0x0000000008002f50                EXTI3_IRQHandler
                0x0000000008002f50                TIM8_TRG_COM_TIM14_IRQHandler
                0x0000000008002f50                TIM1_UP_TIM10_IRQHandler
                0x0000000008002f50                TIM8_UP_TIM13_IRQHandler
                0x0000000008002f50                I2C3_ER_IRQHandler
                0x0000000008002f50                EXTI0_IRQHandler
                0x0000000008002f50                I2C2_EV_IRQHandler
                0x0000000008002f50                DMA1_Stream2_IRQHandler
                0x0000000008002f50                CAN1_RX0_IRQHandler
                0x0000000008002f50                FPU_IRQHandler
                0x0000000008002f50                OTG_HS_WKUP_IRQHandler
                0x0000000008002f50                CAN2_SCE_IRQHandler
                0x0000000008002f50                DMA2_Stream2_IRQHandler
                0x0000000008002f50                SPI1_IRQHandler
                0x0000000008002f50                TIM1_BRK_TIM9_IRQHandler
                0x0000000008002f50                DCMI_IRQHandler
                0x0000000008002f50                CAN2_RX0_IRQHandler
                0x0000000008002f50                DMA2_Stream3_IRQHandler
                0x0000000008002f50                USART6_IRQHandler
                0x0000000008002f50                USART3_IRQHandler
                0x0000000008002f50                CAN1_RX1_IRQHandler
                0x0000000008002f50                UART5_IRQHandler
                0x0000000008002f50                DMA2_Stream0_IRQHandler
                0x0000000008002f50                TIM4_IRQHandler
                0x0000000008002f50                I2C1_EV_IRQHandler
                0x0000000008002f50                DMA1_Stream6_IRQHandler
                0x0000000008002f50                DMA1_Stream1_IRQHandler
                0x0000000008002f50                UART4_IRQHandler
                0x0000000008002f50                TIM3_IRQHandler
                0x0000000008002f50                RCC_IRQHandler
                0x0000000008002f50                TIM8_BRK_TIM12_IRQHandler
                0x0000000008002f50                Default_Handler
                0x0000000008002f50                EXTI15_10_IRQHandler
                0x0000000008002f50                ADC_IRQHandler
                0x0000000008002f50                DMA1_Stream7_IRQHandler
                0x0000000008002f50                TIM7_IRQHandler
                0x0000000008002f50                CAN2_TX_IRQHandler
                0x0000000008002f50                TIM5_IRQHandler
                0x0000000008002f50                DMA2_Stream7_IRQHandler
                0x0000000008002f50                EXTI9_5_IRQHandler
                0x0000000008002f50                RTC_WKUP_IRQHandler
                0x0000000008002f50                ETH_WKUP_IRQHandler
                0x0000000008002f50                SPI2_IRQHandler
                0x0000000008002f50                OTG_HS_EP1_IN_IRQHandler
                0x0000000008002f50                DMA1_Stream0_IRQHandler
                0x0000000008002f50                CAN1_TX_IRQHandler
                0x0000000008002f50                EXTI4_IRQHandler
                0x0000000008002f50                FSMC_IRQHandler
                0x0000000008002f50                ETH_IRQHandler
                0x0000000008002f50                OTG_HS_EP1_OUT_IRQHandler
                0x0000000008002f50                WWDG_IRQHandler
                0x0000000008002f50                TIM2_IRQHandler
                0x0000000008002f50                OTG_FS_WKUP_IRQHandler
                0x0000000008002f50                TIM1_TRG_COM_TIM11_IRQHandler
                0x0000000008002f50                OTG_HS_IRQHandler
                0x0000000008002f50                EXTI1_IRQHandler
                0x0000000008002f50                USART2_IRQHandler
                0x0000000008002f50                I2C2_ER_IRQHandler
                0x0000000008002f50                DMA2_Stream1_IRQHandler
                0x0000000008002f50                CAN1_SCE_IRQHandler
                0x0000000008002f50                FLASH_IRQHandler
                0x0000000008002f50                DMA2_Stream4_IRQHandler
                0x0000000008002f50                USART1_IRQHandler
                0x0000000008002f50                SPI3_IRQHandler
                0x0000000008002f50                DMA1_Stream4_IRQHandler
                0x0000000008002f50                I2C1_ER_IRQHandler
                0x0000000008002f50                DMA2_Stream6_IRQHandler
                0x0000000008002f50                DMA1_Stream3_IRQHandler
 *fill*         0x0000000008002f52        0x2 
 .text.HAL_Init
                0x0000000008002f54       0x44 ./Drivers/STM32F4xx_HAL_Driver/Src/stm32f4xx_hal.o
                0x0000000008002f54                HAL_Init
 .text.HAL_IncTick
                0x0000000008002f98       0x28 ./Drivers/STM32F4xx_HAL_Driver/Src/stm32f4xx_hal.o
                0x0000000008002f98                HAL_IncTick
 .text.HAL_GetTick
                0x0000000008002fc0       0x18 ./Drivers/STM32F4xx_HAL_Driver/Src/stm32f4xx_hal.o
                0x0000000008002fc0                HAL_GetTick
 .text.HAL_Delay
                0x0000000008002fd8       0x48 ./Drivers/STM32F4xx_HAL_Driver/Src/stm32f4xx_hal.o
                0x0000000008002fd8                HAL_Delay
 .text.HAL_ADC_Init
                0x0000000008003020       0x86 ./Drivers/STM32F4xx_HAL_Driver/Src/stm32f4xx_hal_adc.o
                0x0000000008003020                HAL_ADC_Init
 *fill*         0x00000000080030a6        0x2 
 .text.HAL_ADC_Start
                0x00000000080030a8      0x1a4 ./Drivers/STM32F4xx_HAL_Driver/Src/stm32f4xx_hal_adc.o
                0x00000000080030a8                HAL_ADC_Start
 .text.HAL_ADC_Stop
                0x000000000800324c       0x66 ./Drivers/STM32F4xx_HAL_Driver/Src/stm32f4xx_hal_adc.o
                0x000000000800324c                HAL_ADC_Stop
 .text.HAL_ADC_PollForConversion
                0x00000000080032b2      0x116 ./Drivers/STM32F4xx_HAL_Driver/Src/stm32f4xx_hal_adc.o
                0x00000000080032b2                HAL_ADC_PollForConversion
 .text.HAL_ADC_GetValue
                0x00000000080033c8       0x1a ./Drivers/STM32F4xx_HAL_Driver/Src/stm32f4xx_hal_adc.o
                0x00000000080033c8                HAL_ADC_GetValue
 *fill*         0x00000000080033e2        0x2 
 .text.HAL_ADC_ConfigChannel
                0x00000000080033e4      0x244 ./Drivers/STM32F4xx_HAL_Driver/Src/stm32f4xx_hal_adc.o
                0x00000000080033e4                HAL_ADC_ConfigChannel
 .text.ADC_Init
                0x0000000008003628      0x1f8 ./Drivers/STM32F4xx_HAL_Driver/Src/stm32f4xx_hal_adc.o
 .text.__NVIC_SetPriorityGrouping
                0x0000000008003820       0x48 ./Drivers/STM32F4xx_HAL_Driver/Src/stm32f4xx_hal_cortex.o
 .text.__NVIC_GetPriorityGrouping
                0x0000000008003868       0x1c ./Drivers/STM32F4xx_HAL_Driver/Src/stm32f4xx_hal_cortex.o
 .text.__NVIC_EnableIRQ
                0x0000000008003884       0x3c ./Drivers/STM32F4xx_HAL_Driver/Src/stm32f4xx_hal_cortex.o
 .text.__NVIC_SetPriority
                0x00000000080038c0       0x54 ./Drivers/STM32F4xx_HAL_Driver/Src/stm32f4xx_hal_cortex.o
 .text.NVIC_EncodePriority
                0x0000000008003914       0x66 ./Drivers/STM32F4xx_HAL_Driver/Src/stm32f4xx_hal_cortex.o
 .text.HAL_NVIC_SetPriorityGrouping
                0x000000000800397a       0x16 ./Drivers/STM32F4xx_HAL_Driver/Src/stm32f4xx_hal_cortex.o
                0x000000000800397a                HAL_NVIC_SetPriorityGrouping
 .text.HAL_NVIC_SetPriority
                0x0000000008003990       0x38 ./Drivers/STM32F4xx_HAL_Driver/Src/stm32f4xx_hal_cortex.o
                0x0000000008003990                HAL_NVIC_SetPriority
 .text.HAL_NVIC_EnableIRQ
                0x00000000080039c8       0x1c ./Drivers/STM32F4xx_HAL_Driver/Src/stm32f4xx_hal_cortex.o
                0x00000000080039c8                HAL_NVIC_EnableIRQ
 .text.HAL_DMA_Abort_IT
                0x00000000080039e4       0x44 ./Drivers/STM32F4xx_HAL_Driver/Src/stm32f4xx_hal_dma.o
                0x00000000080039e4                HAL_DMA_Abort_IT
 .text.HAL_DMA_GetState
                0x0000000008003a28       0x1c ./Drivers/STM32F4xx_HAL_Driver/Src/stm32f4xx_hal_dma.o
                0x0000000008003a28                HAL_DMA_GetState
 .text.HAL_GPIO_Init
                0x0000000008003a44      0x338 ./Drivers/STM32F4xx_HAL_Driver/Src/stm32f4xx_hal_gpio.o
                0x0000000008003a44                HAL_GPIO_Init
 .text.HAL_GPIO_WritePin
                0x0000000008003d7c       0x32 ./Drivers/STM32F4xx_HAL_Driver/Src/stm32f4xx_hal_gpio.o
                0x0000000008003d7c                HAL_GPIO_WritePin
 .text.HAL_GPIO_TogglePin
                0x0000000008003dae       0x34 ./Drivers/STM32F4xx_HAL_Driver/Src/stm32f4xx_hal_gpio.o
                0x0000000008003dae                HAL_GPIO_TogglePin
 .text.HAL_HCD_Init
                0x0000000008003de2       0xc4 ./Drivers/STM32F4xx_HAL_Driver/Src/stm32f4xx_hal_hcd.o
                0x0000000008003de2                HAL_HCD_Init
 .text.HAL_HCD_HC_Init
                0x0000000008003ea6      0x11e ./Drivers/STM32F4xx_HAL_Driver/Src/stm32f4xx_hal_hcd.o
                0x0000000008003ea6                HAL_HCD_HC_Init
 .text.HAL_HCD_HC_Halt
                0x0000000008003fc4       0x46 ./Drivers/STM32F4xx_HAL_Driver/Src/stm32f4xx_hal_hcd.o
                0x0000000008003fc4                HAL_HCD_HC_Halt
 *fill*         0x000000000800400a        0x2 
 .text.HAL_HCD_HC_SubmitRequest
                0x000000000800400c      0x2ac ./Drivers/STM32F4xx_HAL_Driver/Src/stm32f4xx_hal_hcd.o
                0x000000000800400c                HAL_HCD_HC_SubmitRequest
 .text.HAL_HCD_IRQHandler
                0x00000000080042b8      0x216 ./Drivers/STM32F4xx_HAL_Driver/Src/stm32f4xx_hal_hcd.o
                0x00000000080042b8                HAL_HCD_IRQHandler
 .text.HAL_HCD_Start
                0x00000000080044ce       0x46 ./Drivers/STM32F4xx_HAL_Driver/Src/stm32f4xx_hal_hcd.o
                0x00000000080044ce                HAL_HCD_Start
 .text.HAL_HCD_Stop
                0x0000000008004514       0x3a ./Drivers/STM32F4xx_HAL_Driver/Src/stm32f4xx_hal_hcd.o
                0x0000000008004514                HAL_HCD_Stop
 .text.HAL_HCD_ResetPort
                0x000000000800454e       0x1c ./Drivers/STM32F4xx_HAL_Driver/Src/stm32f4xx_hal_hcd.o
                0x000000000800454e                HAL_HCD_ResetPort
 .text.HAL_HCD_HC_GetURBState
                0x000000000800456a       0x28 ./Drivers/STM32F4xx_HAL_Driver/Src/stm32f4xx_hal_hcd.o
                0x000000000800456a                HAL_HCD_HC_GetURBState
 .text.HAL_HCD_HC_GetXferCount
                0x0000000008004592       0x28 ./Drivers/STM32F4xx_HAL_Driver/Src/stm32f4xx_hal_hcd.o
                0x0000000008004592                HAL_HCD_HC_GetXferCount
 .text.HAL_HCD_GetCurrentFrame
                0x00000000080045ba       0x1c ./Drivers/STM32F4xx_HAL_Driver/Src/stm32f4xx_hal_hcd.o
                0x00000000080045ba                HAL_HCD_GetCurrentFrame
 .text.HAL_HCD_GetCurrentSpeed
                0x00000000080045d6       0x1c ./Drivers/STM32F4xx_HAL_Driver/Src/stm32f4xx_hal_hcd.o
                0x00000000080045d6                HAL_HCD_GetCurrentSpeed
 .text.HCD_HC_IN_IRQHandler
                0x00000000080045f2      0x6aa ./Drivers/STM32F4xx_HAL_Driver/Src/stm32f4xx_hal_hcd.o
 .text.HCD_HC_OUT_IRQHandler
                0x0000000008004c9c      0x6d2 ./Drivers/STM32F4xx_HAL_Driver/Src/stm32f4xx_hal_hcd.o
 .text.HCD_RXQLVL_IRQHandler
                0x000000000800536e      0x1a4 ./Drivers/STM32F4xx_HAL_Driver/Src/stm32f4xx_hal_hcd.o
 .text.HCD_Port_IRQHandler
                0x0000000008005512       0xe6 ./Drivers/STM32F4xx_HAL_Driver/Src/stm32f4xx_hal_hcd.o
 .text.HAL_I2C_Init
                0x00000000080055f8      0x288 ./Drivers/STM32F4xx_HAL_Driver/Src/stm32f4xx_hal_i2c.o
                0x00000000080055f8                HAL_I2C_Init
 .text.HAL_I2C_Master_Transmit
                0x0000000008005880      0x1fc ./Drivers/STM32F4xx_HAL_Driver/Src/stm32f4xx_hal_i2c.o
                0x0000000008005880                HAL_I2C_Master_Transmit
 .text.HAL_I2C_Master_Receive
                0x0000000008005a7c      0x44c ./Drivers/STM32F4xx_HAL_Driver/Src/stm32f4xx_hal_i2c.o
                0x0000000008005a7c                HAL_I2C_Master_Receive
 .text.HAL_I2C_IsDeviceReady
                0x0000000008005ec8      0x25c ./Drivers/STM32F4xx_HAL_Driver/Src/stm32f4xx_hal_i2c.o
                0x0000000008005ec8                HAL_I2C_IsDeviceReady
 .text.HAL_I2C_EV_IRQHandler
                0x0000000008006124      0x2e2 ./Drivers/STM32F4xx_HAL_Driver/Src/stm32f4xx_hal_i2c.o
                0x0000000008006124                HAL_I2C_EV_IRQHandler
 .text.HAL_I2C_MasterTxCpltCallback
                0x0000000008006406       0x14 ./Drivers/STM32F4xx_HAL_Driver/Src/stm32f4xx_hal_i2c.o
                0x0000000008006406                HAL_I2C_MasterTxCpltCallback
 .text.HAL_I2C_MasterRxCpltCallback
                0x000000000800641a       0x14 ./Drivers/STM32F4xx_HAL_Driver/Src/stm32f4xx_hal_i2c.o
                0x000000000800641a                HAL_I2C_MasterRxCpltCallback
 .text.HAL_I2C_SlaveTxCpltCallback
                0x000000000800642e       0x14 ./Drivers/STM32F4xx_HAL_Driver/Src/stm32f4xx_hal_i2c.o
                0x000000000800642e                HAL_I2C_SlaveTxCpltCallback
 .text.HAL_I2C_SlaveRxCpltCallback
                0x0000000008006442       0x14 ./Drivers/STM32F4xx_HAL_Driver/Src/stm32f4xx_hal_i2c.o
                0x0000000008006442                HAL_I2C_SlaveRxCpltCallback
 .text.HAL_I2C_AddrCallback
                0x0000000008006456       0x1c ./Drivers/STM32F4xx_HAL_Driver/Src/stm32f4xx_hal_i2c.o
                0x0000000008006456                HAL_I2C_AddrCallback
 .text.HAL_I2C_ListenCpltCallback
                0x0000000008006472       0x14 ./Drivers/STM32F4xx_HAL_Driver/Src/stm32f4xx_hal_i2c.o
                0x0000000008006472                HAL_I2C_ListenCpltCallback
 .text.HAL_I2C_MemTxCpltCallback
                0x0000000008006486       0x14 ./Drivers/STM32F4xx_HAL_Driver/Src/stm32f4xx_hal_i2c.o
                0x0000000008006486                HAL_I2C_MemTxCpltCallback
 .text.HAL_I2C_MemRxCpltCallback
                0x000000000800649a       0x14 ./Drivers/STM32F4xx_HAL_Driver/Src/stm32f4xx_hal_i2c.o
                0x000000000800649a                HAL_I2C_MemRxCpltCallback
 .text.HAL_I2C_ErrorCallback
                0x00000000080064ae       0x14 ./Drivers/STM32F4xx_HAL_Driver/Src/stm32f4xx_hal_i2c.o
                0x00000000080064ae                HAL_I2C_ErrorCallback
 .text.HAL_I2C_AbortCpltCallback
                0x00000000080064c2       0x14 ./Drivers/STM32F4xx_HAL_Driver/Src/stm32f4xx_hal_i2c.o
                0x00000000080064c2                HAL_I2C_AbortCpltCallback
 .text.I2C_MasterTransmit_TXE
                0x00000000080064d6      0x138 ./Drivers/STM32F4xx_HAL_Driver/Src/stm32f4xx_hal_i2c.o
 .text.I2C_MasterTransmit_BTF
                0x000000000800660e       0xec ./Drivers/STM32F4xx_HAL_Driver/Src/stm32f4xx_hal_i2c.o
 .text.I2C_MemoryTransmit_TXE_BTF
                0x00000000080066fa      0x128 ./Drivers/STM32F4xx_HAL_Driver/Src/stm32f4xx_hal_i2c.o
 .text.I2C_MasterReceive_RXNE
                0x0000000008006822      0x176 ./Drivers/STM32F4xx_HAL_Driver/Src/stm32f4xx_hal_i2c.o
 .text.I2C_MasterReceive_BTF
                0x0000000008006998      0x1d4 ./Drivers/STM32F4xx_HAL_Driver/Src/stm32f4xx_hal_i2c.o
 .text.I2C_Master_SB
                0x0000000008006b6c      0x10c ./Drivers/STM32F4xx_HAL_Driver/Src/stm32f4xx_hal_i2c.o
 .text.I2C_Master_ADD10
                0x0000000008006c78       0x54 ./Drivers/STM32F4xx_HAL_Driver/Src/stm32f4xx_hal_i2c.o
 .text.I2C_Master_ADDR
                0x0000000008006ccc      0x322 ./Drivers/STM32F4xx_HAL_Driver/Src/stm32f4xx_hal_i2c.o
 .text.I2C_SlaveTransmit_TXE
                0x0000000008006fee       0x7a ./Drivers/STM32F4xx_HAL_Driver/Src/stm32f4xx_hal_i2c.o
 .text.I2C_SlaveTransmit_BTF
                0x0000000008007068       0x42 ./Drivers/STM32F4xx_HAL_Driver/Src/stm32f4xx_hal_i2c.o
 .text.I2C_SlaveReceive_RXNE
                0x00000000080070aa       0x7c ./Drivers/STM32F4xx_HAL_Driver/Src/stm32f4xx_hal_i2c.o
 .text.I2C_SlaveReceive_BTF
                0x0000000008007126       0x44 ./Drivers/STM32F4xx_HAL_Driver/Src/stm32f4xx_hal_i2c.o
 .text.I2C_Slave_ADDR
                0x000000000800716a       0x94 ./Drivers/STM32F4xx_HAL_Driver/Src/stm32f4xx_hal_i2c.o
 *fill*         0x00000000080071fe        0x2 
 .text.I2C_Slave_STOPF
                0x0000000008007200      0x260 ./Drivers/STM32F4xx_HAL_Driver/Src/stm32f4xx_hal_i2c.o
 .text.I2C_ITError
                0x0000000008007460      0x264 ./Drivers/STM32F4xx_HAL_Driver/Src/stm32f4xx_hal_i2c.o
 .text.I2C_MasterRequestWrite
                0x00000000080076c4      0x104 ./Drivers/STM32F4xx_HAL_Driver/Src/stm32f4xx_hal_i2c.o
 .text.I2C_MasterRequestRead
                0x00000000080077c8      0x19c ./Drivers/STM32F4xx_HAL_Driver/Src/stm32f4xx_hal_i2c.o
 .text.I2C_DMAAbort
                0x0000000008007964      0x150 ./Drivers/STM32F4xx_HAL_Driver/Src/stm32f4xx_hal_i2c.o
 .text.I2C_WaitOnFlagUntilTimeout
                0x0000000008007ab4       0xae ./Drivers/STM32F4xx_HAL_Driver/Src/stm32f4xx_hal_i2c.o
 .text.I2C_WaitOnMasterAddressFlagUntilTimeout
                0x0000000008007b62       0xfe ./Drivers/STM32F4xx_HAL_Driver/Src/stm32f4xx_hal_i2c.o
 .text.I2C_WaitOnTXEFlagUntilTimeout
                0x0000000008007c60       0x82 ./Drivers/STM32F4xx_HAL_Driver/Src/stm32f4xx_hal_i2c.o
 .text.I2C_WaitOnBTFFlagUntilTimeout
                0x0000000008007ce2       0x82 ./Drivers/STM32F4xx_HAL_Driver/Src/stm32f4xx_hal_i2c.o
 .text.I2C_WaitOnSTOPRequestThroughIT
                0x0000000008007d64       0x64 ./Drivers/STM32F4xx_HAL_Driver/Src/stm32f4xx_hal_i2c.o
 .text.I2C_WaitOnRXNEFlagUntilTimeout
                0x0000000008007dc8       0xac ./Drivers/STM32F4xx_HAL_Driver/Src/stm32f4xx_hal_i2c.o
 .text.I2C_IsAcknowledgeFailed
                0x0000000008007e74       0x5e ./Drivers/STM32F4xx_HAL_Driver/Src/stm32f4xx_hal_i2c.o
 .text.I2C_ConvertOtherXferOptions
                0x0000000008007ed2       0x36 ./Drivers/STM32F4xx_HAL_Driver/Src/stm32f4xx_hal_i2c.o
 .text.HAL_I2S_Init
                0x0000000008007f08      0x280 ./Drivers/STM32F4xx_HAL_Driver/Src/stm32f4xx_hal_i2s.o
                0x0000000008007f08                HAL_I2S_Init
 .text.HAL_I2S_TxCpltCallback
                0x0000000008008188       0x14 ./Drivers/STM32F4xx_HAL_Driver/Src/stm32f4xx_hal_i2s.o
                0x0000000008008188                HAL_I2S_TxCpltCallback
 .text.HAL_I2S_RxCpltCallback
                0x000000000800819c       0x14 ./Drivers/STM32F4xx_HAL_Driver/Src/stm32f4xx_hal_i2s.o
                0x000000000800819c                HAL_I2S_RxCpltCallback
 .text.HAL_I2S_ErrorCallback
                0x00000000080081b0       0x14 ./Drivers/STM32F4xx_HAL_Driver/Src/stm32f4xx_hal_i2s.o
                0x00000000080081b0                HAL_I2S_ErrorCallback
 .text.I2S_Transmit_IT
                0x00000000080081c4       0x5c ./Drivers/STM32F4xx_HAL_Driver/Src/stm32f4xx_hal_i2s.o
 .text.I2S_Receive_IT
                0x0000000008008220       0x5e ./Drivers/STM32F4xx_HAL_Driver/Src/stm32f4xx_hal_i2s.o
 .text.I2S_IRQHandler
                0x000000000800827e      0x114 ./Drivers/STM32F4xx_HAL_Driver/Src/stm32f4xx_hal_i2s.o
 *fill*         0x0000000008008392        0x2 
 .text.HAL_I2SEx_FullDuplex_IRQHandler
                0x0000000008008394      0x2a8 ./Drivers/STM32F4xx_HAL_Driver/Src/stm32f4xx_hal_i2s_ex.o
                0x0000000008008394                HAL_I2SEx_FullDuplex_IRQHandler
 .text.HAL_I2SEx_TxRxCpltCallback
                0x000000000800863c       0x14 ./Drivers/STM32F4xx_HAL_Driver/Src/stm32f4xx_hal_i2s_ex.o
                0x000000000800863c                HAL_I2SEx_TxRxCpltCallback
 .text.I2SEx_TxISR_I2S
                0x0000000008008650       0x62 ./Drivers/STM32F4xx_HAL_Driver/Src/stm32f4xx_hal_i2s_ex.o
 *fill*         0x00000000080086b2        0x2 
 .text.I2SEx_TxISR_I2SExt
                0x00000000080086b4       0x98 ./Drivers/STM32F4xx_HAL_Driver/Src/stm32f4xx_hal_i2s_ex.o
 .text.I2SEx_RxISR_I2S
                0x000000000800874c       0x64 ./Drivers/STM32F4xx_HAL_Driver/Src/stm32f4xx_hal_i2s_ex.o
 .text.I2SEx_RxISR_I2SExt
                0x00000000080087b0       0x98 ./Drivers/STM32F4xx_HAL_Driver/Src/stm32f4xx_hal_i2s_ex.o
 .text.HAL_RCC_OscConfig
                0x0000000008008848      0x4f0 ./Drivers/STM32F4xx_HAL_Driver/Src/stm32f4xx_hal_rcc.o
                0x0000000008008848                HAL_RCC_OscConfig
 .text.HAL_RCC_ClockConfig
                0x0000000008008d38      0x1cc ./Drivers/STM32F4xx_HAL_Driver/Src/stm32f4xx_hal_rcc.o
                0x0000000008008d38                HAL_RCC_ClockConfig
 .text.HAL_RCC_GetSysClockFreq
                0x0000000008008f04      0x20c ./Drivers/STM32F4xx_HAL_Driver/Src/stm32f4xx_hal_rcc.o
                0x0000000008008f04                HAL_RCC_GetSysClockFreq
 .text.HAL_RCC_GetHCLKFreq
                0x0000000008009110       0x18 ./Drivers/STM32F4xx_HAL_Driver/Src/stm32f4xx_hal_rcc.o
                0x0000000008009110                HAL_RCC_GetHCLKFreq
 .text.HAL_RCC_GetPCLK1Freq
                0x0000000008009128       0x28 ./Drivers/STM32F4xx_HAL_Driver/Src/stm32f4xx_hal_rcc.o
                0x0000000008009128                HAL_RCC_GetPCLK1Freq
 .text.HAL_RCC_GetClockConfig
                0x0000000008009150       0x64 ./Drivers/STM32F4xx_HAL_Driver/Src/stm32f4xx_hal_rcc.o
                0x0000000008009150                HAL_RCC_GetClockConfig
 .text.HAL_RCCEx_PeriphCLKConfig
                0x00000000080091b4      0x1c4 ./Drivers/STM32F4xx_HAL_Driver/Src/stm32f4xx_hal_rcc_ex.o
                0x00000000080091b4                HAL_RCCEx_PeriphCLKConfig
 .text.HAL_RCCEx_GetPeriphCLKFreq
                0x0000000008009378       0xbc ./Drivers/STM32F4xx_HAL_Driver/Src/stm32f4xx_hal_rcc_ex.o
                0x0000000008009378                HAL_RCCEx_GetPeriphCLKFreq
 .text.HAL_SPI_Init
                0x0000000008009434      0x112 ./Drivers/STM32F4xx_HAL_Driver/Src/stm32f4xx_hal_spi.o
                0x0000000008009434                HAL_SPI_Init
 .text.HAL_TIM_Base_Init
                0x0000000008009546       0x9e ./Drivers/STM32F4xx_HAL_Driver/Src/stm32f4xx_hal_tim.o
                0x0000000008009546                HAL_TIM_Base_Init
 .text.HAL_TIM_Base_Start_IT
                0x00000000080095e4       0xe0 ./Drivers/STM32F4xx_HAL_Driver/Src/stm32f4xx_hal_tim.o
                0x00000000080095e4                HAL_TIM_Base_Start_IT
 .text.HAL_TIM_PWM_Init
                0x00000000080096c4       0x9e ./Drivers/STM32F4xx_HAL_Driver/Src/stm32f4xx_hal_tim.o
                0x00000000080096c4                HAL_TIM_PWM_Init
 .text.HAL_TIM_PWM_MspInit
                0x0000000008009762       0x14 ./Drivers/STM32F4xx_HAL_Driver/Src/stm32f4xx_hal_tim.o
                0x0000000008009762                HAL_TIM_PWM_MspInit
 .text.HAL_TIM_IRQHandler
                0x0000000008009776      0x210 ./Drivers/STM32F4xx_HAL_Driver/Src/stm32f4xx_hal_tim.o
                0x0000000008009776                HAL_TIM_IRQHandler
 *fill*         0x0000000008009986        0x2 
 .text.HAL_TIM_PWM_ConfigChannel
                0x0000000008009988      0x184 ./Drivers/STM32F4xx_HAL_Driver/Src/stm32f4xx_hal_tim.o
                0x0000000008009988                HAL_TIM_PWM_ConfigChannel
 .text.HAL_TIM_ConfigClockSource
                0x0000000008009b0c      0x18e ./Drivers/STM32F4xx_HAL_Driver/Src/stm32f4xx_hal_tim.o
                0x0000000008009b0c                HAL_TIM_ConfigClockSource
 .text.HAL_TIM_OC_DelayElapsedCallback
                0x0000000008009c9a       0x14 ./Drivers/STM32F4xx_HAL_Driver/Src/stm32f4xx_hal_tim.o
                0x0000000008009c9a                HAL_TIM_OC_DelayElapsedCallback
 .text.HAL_TIM_IC_CaptureCallback
                0x0000000008009cae       0x14 ./Drivers/STM32F4xx_HAL_Driver/Src/stm32f4xx_hal_tim.o
                0x0000000008009cae                HAL_TIM_IC_CaptureCallback
 .text.HAL_TIM_PWM_PulseFinishedCallback
                0x0000000008009cc2       0x14 ./Drivers/STM32F4xx_HAL_Driver/Src/stm32f4xx_hal_tim.o
                0x0000000008009cc2                HAL_TIM_PWM_PulseFinishedCallback
 .text.HAL_TIM_TriggerCallback
                0x0000000008009cd6       0x14 ./Drivers/STM32F4xx_HAL_Driver/Src/stm32f4xx_hal_tim.o
                0x0000000008009cd6                HAL_TIM_TriggerCallback
 *fill*         0x0000000008009cea        0x2 
 .text.TIM_Base_SetConfig
                0x0000000008009cec      0x140 ./Drivers/STM32F4xx_HAL_Driver/Src/stm32f4xx_hal_tim.o
                0x0000000008009cec                TIM_Base_SetConfig
 .text.TIM_OC1_SetConfig
                0x0000000008009e2c       0xe0 ./Drivers/STM32F4xx_HAL_Driver/Src/stm32f4xx_hal_tim.o
 .text.TIM_OC2_SetConfig
                0x0000000008009f0c       0xec ./Drivers/STM32F4xx_HAL_Driver/Src/stm32f4xx_hal_tim.o
                0x0000000008009f0c                TIM_OC2_SetConfig
 .text.TIM_OC3_SetConfig
                0x0000000008009ff8       0xe8 ./Drivers/STM32F4xx_HAL_Driver/Src/stm32f4xx_hal_tim.o
 .text.TIM_OC4_SetConfig
                0x000000000800a0e0       0xac ./Drivers/STM32F4xx_HAL_Driver/Src/stm32f4xx_hal_tim.o
 .text.TIM_TI1_ConfigInputStage
                0x000000000800a18c       0x5e ./Drivers/STM32F4xx_HAL_Driver/Src/stm32f4xx_hal_tim.o
 .text.TIM_TI2_ConfigInputStage
                0x000000000800a1ea       0x60 ./Drivers/STM32F4xx_HAL_Driver/Src/stm32f4xx_hal_tim.o
 .text.TIM_ITRx_SetConfig
                0x000000000800a24a       0x36 ./Drivers/STM32F4xx_HAL_Driver/Src/stm32f4xx_hal_tim.o
 .text.TIM_ETR_SetConfig
                0x000000000800a280       0x40 ./Drivers/STM32F4xx_HAL_Driver/Src/stm32f4xx_hal_tim.o
                0x000000000800a280                TIM_ETR_SetConfig
 .text.HAL_TIMEx_MasterConfigSynchronization
                0x000000000800a2c0       0xf8 ./Drivers/STM32F4xx_HAL_Driver/Src/stm32f4xx_hal_tim_ex.o
                0x000000000800a2c0                HAL_TIMEx_MasterConfigSynchronization
 .text.HAL_TIMEx_ConfigBreakDeadTime
                0x000000000800a3b8       0xa4 ./Drivers/STM32F4xx_HAL_Driver/Src/stm32f4xx_hal_tim_ex.o
                0x000000000800a3b8                HAL_TIMEx_ConfigBreakDeadTime
 .text.HAL_TIMEx_CommutCallback
                0x000000000800a45c       0x14 ./Drivers/STM32F4xx_HAL_Driver/Src/stm32f4xx_hal_tim_ex.o
                0x000000000800a45c                HAL_TIMEx_CommutCallback
 .text.HAL_TIMEx_BreakCallback
                0x000000000800a470       0x14 ./Drivers/STM32F4xx_HAL_Driver/Src/stm32f4xx_hal_tim_ex.o
                0x000000000800a470                HAL_TIMEx_BreakCallback
 .text.USB_CoreInit
                0x000000000800a484       0xc2 ./Drivers/STM32F4xx_HAL_Driver/Src/stm32f4xx_ll_usb.o
                0x000000000800a484                USB_CoreInit
 .text.USB_EnableGlobalInt
                0x000000000800a546       0x22 ./Drivers/STM32F4xx_HAL_Driver/Src/stm32f4xx_ll_usb.o
                0x000000000800a546                USB_EnableGlobalInt
 .text.USB_DisableGlobalInt
                0x000000000800a568       0x22 ./Drivers/STM32F4xx_HAL_Driver/Src/stm32f4xx_ll_usb.o
                0x000000000800a568                USB_DisableGlobalInt
 .text.USB_SetCurrentMode
                0x000000000800a58a       0x98 ./Drivers/STM32F4xx_HAL_Driver/Src/stm32f4xx_ll_usb.o
                0x000000000800a58a                USB_SetCurrentMode
 *fill*         0x000000000800a622        0x2 
 .text.USB_FlushTxFifo
                0x000000000800a624       0x68 ./Drivers/STM32F4xx_HAL_Driver/Src/stm32f4xx_ll_usb.o
                0x000000000800a624                USB_FlushTxFifo
 .text.USB_FlushRxFifo
                0x000000000800a68c       0x60 ./Drivers/STM32F4xx_HAL_Driver/Src/stm32f4xx_ll_usb.o
                0x000000000800a68c                USB_FlushRxFifo
 .text.USB_WritePacket
                0x000000000800a6ec       0x7c ./Drivers/STM32F4xx_HAL_Driver/Src/stm32f4xx_ll_usb.o
                0x000000000800a6ec                USB_WritePacket
 .text.USB_ReadPacket
                0x000000000800a768       0xb0 ./Drivers/STM32F4xx_HAL_Driver/Src/stm32f4xx_ll_usb.o
                0x000000000800a768                USB_ReadPacket
 .text.USB_ReadInterrupts
                0x000000000800a818       0x26 ./Drivers/STM32F4xx_HAL_Driver/Src/stm32f4xx_ll_usb.o
                0x000000000800a818                USB_ReadInterrupts
 .text.USB_GetMode
                0x000000000800a83e       0x1c ./Drivers/STM32F4xx_HAL_Driver/Src/stm32f4xx_ll_usb.o
                0x000000000800a83e                USB_GetMode
 *fill*         0x000000000800a85a        0x2 
 .text.USB_CoreReset
                0x000000000800a85c       0x68 ./Drivers/STM32F4xx_HAL_Driver/Src/stm32f4xx_ll_usb.o
 .text.USB_HostInit
                0x000000000800a8c4      0x180 ./Drivers/STM32F4xx_HAL_Driver/Src/stm32f4xx_ll_usb.o
                0x000000000800a8c4                USB_HostInit
 .text.USB_InitFSLSPClkSel
                0x000000000800aa44       0x74 ./Drivers/STM32F4xx_HAL_Driver/Src/stm32f4xx_ll_usb.o
                0x000000000800aa44                USB_InitFSLSPClkSel
 .text.USB_ResetPort
                0x000000000800aab8       0x54 ./Drivers/STM32F4xx_HAL_Driver/Src/stm32f4xx_ll_usb.o
                0x000000000800aab8                USB_ResetPort
 .text.USB_DriveVbus
                0x000000000800ab0c       0x72 ./Drivers/STM32F4xx_HAL_Driver/Src/stm32f4xx_ll_usb.o
                0x000000000800ab0c                USB_DriveVbus
 .text.USB_GetHostSpeed
                0x000000000800ab7e       0x2e ./Drivers/STM32F4xx_HAL_Driver/Src/stm32f4xx_ll_usb.o
                0x000000000800ab7e                USB_GetHostSpeed
 .text.USB_GetCurrentFrame
                0x000000000800abac       0x22 ./Drivers/STM32F4xx_HAL_Driver/Src/stm32f4xx_ll_usb.o
                0x000000000800abac                USB_GetCurrentFrame
 *fill*         0x000000000800abce        0x2 
 .text.USB_HC_Init
                0x000000000800abd0      0x244 ./Drivers/STM32F4xx_HAL_Driver/Src/stm32f4xx_ll_usb.o
                0x000000000800abd0                USB_HC_Init
 .text.USB_HC_StartXfer
                0x000000000800ae14      0x284 ./Drivers/STM32F4xx_HAL_Driver/Src/stm32f4xx_ll_usb.o
                0x000000000800ae14                USB_HC_StartXfer
 .text.USB_HC_ReadInterrupt
                0x000000000800b098       0x22 ./Drivers/STM32F4xx_HAL_Driver/Src/stm32f4xx_ll_usb.o
                0x000000000800b098                USB_HC_ReadInterrupt
 .text.USB_HC_Halt
                0x000000000800b0ba      0x1f8 ./Drivers/STM32F4xx_HAL_Driver/Src/stm32f4xx_ll_usb.o
                0x000000000800b0ba                USB_HC_Halt
 *fill*         0x000000000800b2b2        0x2 
 .text.USB_DoPing
                0x000000000800b2b4       0x78 ./Drivers/STM32F4xx_HAL_Driver/Src/stm32f4xx_ll_usb.o
                0x000000000800b2b4                USB_DoPing
 .text.USB_StopHost
                0x000000000800b32c      0x124 ./Drivers/STM32F4xx_HAL_Driver/Src/stm32f4xx_ll_usb.o
                0x000000000800b32c                USB_StopHost
 .text.USBH_CDC_InterfaceInit
                0x000000000800b450      0x2ac ./Middlewares/ST/STM32_USB_Host_Library/Class/CDC/Src/usbh_cdc.o
 .text.USBH_CDC_InterfaceDeInit
                0x000000000800b6fc       0xb2 ./Middlewares/ST/STM32_USB_Host_Library/Class/CDC/Src/usbh_cdc.o
 .text.USBH_CDC_ClassRequest
                0x000000000800b7ae       0x3e ./Middlewares/ST/STM32_USB_Host_Library/Class/CDC/Src/usbh_cdc.o
 .text.USBH_CDC_Process
                0x000000000800b7ec      0x12c ./Middlewares/ST/STM32_USB_Host_Library/Class/CDC/Src/usbh_cdc.o
 .text.USBH_CDC_SOFProcess
                0x000000000800b918       0x16 ./Middlewares/ST/STM32_USB_Host_Library/Class/CDC/Src/usbh_cdc.o
 .text.GetLineCoding
                0x000000000800b92e       0x3e ./Middlewares/ST/STM32_USB_Host_Library/Class/CDC/Src/usbh_cdc.o
 .text.SetLineCoding
                0x000000000800b96c       0x3e ./Middlewares/ST/STM32_USB_Host_Library/Class/CDC/Src/usbh_cdc.o
 .text.CDC_ProcessTransmission
                0x000000000800b9aa       0xec ./Middlewares/ST/STM32_USB_Host_Library/Class/CDC/Src/usbh_cdc.o
 .text.CDC_ProcessReception
                0x000000000800ba96       0xb6 ./Middlewares/ST/STM32_USB_Host_Library/Class/CDC/Src/usbh_cdc.o
 .text.USBH_CDC_TransmitCallback
                0x000000000800bb4c       0x14 ./Middlewares/ST/STM32_USB_Host_Library/Class/CDC/Src/usbh_cdc.o
                0x000000000800bb4c                USBH_CDC_TransmitCallback
 .text.USBH_CDC_ReceiveCallback
                0x000000000800bb60       0x14 ./Middlewares/ST/STM32_USB_Host_Library/Class/CDC/Src/usbh_cdc.o
                0x000000000800bb60                USBH_CDC_ReceiveCallback
 .text.USBH_CDC_LineCodingChanged
                0x000000000800bb74       0x14 ./Middlewares/ST/STM32_USB_Host_Library/Class/CDC/Src/usbh_cdc.o
                0x000000000800bb74                USBH_CDC_LineCodingChanged
 .text.USBH_Init
                0x000000000800bb88       0x74 ./Middlewares/ST/STM32_USB_Host_Library/Core/Src/usbh_core.o
                0x000000000800bb88                USBH_Init
 .text.DeInitStateMachine
                0x000000000800bbfc       0xa8 ./Middlewares/ST/STM32_USB_Host_Library/Core/Src/usbh_core.o
 .text.USBH_RegisterClass
                0x000000000800bca4       0x54 ./Middlewares/ST/STM32_USB_Host_Library/Core/Src/usbh_core.o
                0x000000000800bca4                USBH_RegisterClass
 .text.USBH_SelectInterface
                0x000000000800bcf8       0x38 ./Middlewares/ST/STM32_USB_Host_Library/Core/Src/usbh_core.o
                0x000000000800bcf8                USBH_SelectInterface
 .text.USBH_FindInterface
                0x000000000800bd30       0x8c ./Middlewares/ST/STM32_USB_Host_Library/Core/Src/usbh_core.o
                0x000000000800bd30                USBH_FindInterface
 .text.USBH_Start
                0x000000000800bdbc       0x20 ./Middlewares/ST/STM32_USB_Host_Library/Core/Src/usbh_core.o
                0x000000000800bdbc                USBH_Start
 .text.USBH_Process
                0x000000000800bddc      0x3d8 ./Middlewares/ST/STM32_USB_Host_Library/Core/Src/usbh_core.o
                0x000000000800bddc                USBH_Process
 .text.USBH_HandleEnum
                0x000000000800c1b4      0x3c8 ./Middlewares/ST/STM32_USB_Host_Library/Core/Src/usbh_core.o
 .text.USBH_LL_SetTimer
                0x000000000800c57c       0x1e ./Middlewares/ST/STM32_USB_Host_Library/Core/Src/usbh_core.o
                0x000000000800c57c                USBH_LL_SetTimer
 .text.USBH_LL_IncTimer
                0x000000000800c59a       0x24 ./Middlewares/ST/STM32_USB_Host_Library/Core/Src/usbh_core.o
                0x000000000800c59a                USBH_LL_IncTimer
 .text.USBH_HandleSof
                0x000000000800c5be       0x30 ./Middlewares/ST/STM32_USB_Host_Library/Core/Src/usbh_core.o
 .text.USBH_LL_PortEnabled
                0x000000000800c5ee       0x1c ./Middlewares/ST/STM32_USB_Host_Library/Core/Src/usbh_core.o
                0x000000000800c5ee                USBH_LL_PortEnabled
 .text.USBH_LL_PortDisabled
                0x000000000800c60a       0x1c ./Middlewares/ST/STM32_USB_Host_Library/Core/Src/usbh_core.o
                0x000000000800c60a                USBH_LL_PortDisabled
 .text.USBH_LL_Connect
                0x000000000800c626       0x2e ./Middlewares/ST/STM32_USB_Host_Library/Core/Src/usbh_core.o
                0x000000000800c626                USBH_LL_Connect
 .text.USBH_LL_Disconnect
                0x000000000800c654       0x48 ./Middlewares/ST/STM32_USB_Host_Library/Core/Src/usbh_core.o
                0x000000000800c654                USBH_LL_Disconnect
 .text.USBH_Get_DevDesc
                0x000000000800c69c       0x50 ./Middlewares/ST/STM32_USB_Host_Library/Core/Src/usbh_ctlreq.o
                0x000000000800c69c                USBH_Get_DevDesc
 .text.USBH_Get_CfgDesc
                0x000000000800c6ec       0x48 ./Middlewares/ST/STM32_USB_Host_Library/Core/Src/usbh_ctlreq.o
                0x000000000800c6ec                USBH_Get_CfgDesc
 .text.USBH_Get_StringDesc
                0x000000000800c734       0x56 ./Middlewares/ST/STM32_USB_Host_Library/Core/Src/usbh_ctlreq.o
                0x000000000800c734                USBH_Get_StringDesc
 .text.USBH_GetDescriptor
                0x000000000800c78a       0x6a ./Middlewares/ST/STM32_USB_Host_Library/Core/Src/usbh_ctlreq.o
                0x000000000800c78a                USBH_GetDescriptor
 .text.USBH_SetAddress
                0x000000000800c7f4       0x48 ./Middlewares/ST/STM32_USB_Host_Library/Core/Src/usbh_ctlreq.o
                0x000000000800c7f4                USBH_SetAddress
 .text.USBH_SetCfg
                0x000000000800c83c       0x46 ./Middlewares/ST/STM32_USB_Host_Library/Core/Src/usbh_ctlreq.o
                0x000000000800c83c                USBH_SetCfg
 .text.USBH_SetFeature
                0x000000000800c882       0x48 ./Middlewares/ST/STM32_USB_Host_Library/Core/Src/usbh_ctlreq.o
                0x000000000800c882                USBH_SetFeature
 .text.USBH_ClrFeature
                0x000000000800c8ca       0x48 ./Middlewares/ST/STM32_USB_Host_Library/Core/Src/usbh_ctlreq.o
                0x000000000800c8ca                USBH_ClrFeature
 .text.USBH_ParseDevDesc
                0x000000000800c912      0x122 ./Middlewares/ST/STM32_USB_Host_Library/Core/Src/usbh_ctlreq.o
 .text.USBH_ParseCfgDesc
                0x000000000800ca34      0x1ec ./Middlewares/ST/STM32_USB_Host_Library/Core/Src/usbh_ctlreq.o
 .text.USBH_ParseInterfaceDesc
                0x000000000800cc20       0x5e ./Middlewares/ST/STM32_USB_Host_Library/Core/Src/usbh_ctlreq.o
 .text.USBH_ParseEPDesc
                0x000000000800cc7e      0x14a ./Middlewares/ST/STM32_USB_Host_Library/Core/Src/usbh_ctlreq.o
 .text.USBH_ParseStringDesc
                0x000000000800cdc8       0x66 ./Middlewares/ST/STM32_USB_Host_Library/Core/Src/usbh_ctlreq.o
 .text.USBH_GetNextDesc
                0x000000000800ce2e       0x36 ./Middlewares/ST/STM32_USB_Host_Library/Core/Src/usbh_ctlreq.o
                0x000000000800ce2e                USBH_GetNextDesc
 .text.USBH_CtlReq
                0x000000000800ce64       0x7a ./Middlewares/ST/STM32_USB_Host_Library/Core/Src/usbh_ctlreq.o
                0x000000000800ce64                USBH_CtlReq
 *fill*         0x000000000800cede        0x2 
 .text.USBH_HandleControl
                0x000000000800cee0      0x2e8 ./Middlewares/ST/STM32_USB_Host_Library/Core/Src/usbh_ctlreq.o
 .text.USBH_CtlSendSetup
                0x000000000800d1c8       0x34 ./Middlewares/ST/STM32_USB_Host_Library/Core/Src/usbh_ioreq.o
                0x000000000800d1c8                USBH_CtlSendSetup
 .text.USBH_CtlSendData
                0x000000000800d1fc       0x4a ./Middlewares/ST/STM32_USB_Host_Library/Core/Src/usbh_ioreq.o
                0x000000000800d1fc                USBH_CtlSendData
 .text.USBH_CtlReceiveData
                0x000000000800d246       0x3c ./Middlewares/ST/STM32_USB_Host_Library/Core/Src/usbh_ioreq.o
                0x000000000800d246                USBH_CtlReceiveData
 .text.USBH_BulkSendData
                0x000000000800d282       0x4a ./Middlewares/ST/STM32_USB_Host_Library/Core/Src/usbh_ioreq.o
                0x000000000800d282                USBH_BulkSendData
 .text.USBH_BulkReceiveData
                0x000000000800d2cc       0x3c ./Middlewares/ST/STM32_USB_Host_Library/Core/Src/usbh_ioreq.o
                0x000000000800d2cc                USBH_BulkReceiveData
 .text.USBH_OpenPipe
                0x000000000800d308       0x3e ./Middlewares/ST/STM32_USB_Host_Library/Core/Src/usbh_pipes.o
                0x000000000800d308                USBH_OpenPipe
 .text.USBH_ClosePipe
                0x000000000800d346       0x20 ./Middlewares/ST/STM32_USB_Host_Library/Core/Src/usbh_pipes.o
                0x000000000800d346                USBH_ClosePipe
 .text.USBH_AllocPipe
                0x000000000800d366       0x42 ./Middlewares/ST/STM32_USB_Host_Library/Core/Src/usbh_pipes.o
                0x000000000800d366                USBH_AllocPipe
 .text.USBH_FreePipe
                0x000000000800d3a8       0x3c ./Middlewares/ST/STM32_USB_Host_Library/Core/Src/usbh_pipes.o
                0x000000000800d3a8                USBH_FreePipe
 .text.USBH_GetFreePipe
                0x000000000800d3e4       0x48 ./Middlewares/ST/STM32_USB_Host_Library/Core/Src/usbh_pipes.o
 .text.vListInitialise
                0x000000000800d42c       0x40 ./ThirdParty/FreeRTOS/list.o
                0x000000000800d42c                vListInitialise
 .text.vListInitialiseItem
                0x000000000800d46c       0x1a ./ThirdParty/FreeRTOS/list.o
                0x000000000800d46c                vListInitialiseItem
 .text.vListInsert
                0x000000000800d486       0x72 ./ThirdParty/FreeRTOS/list.o
                0x000000000800d486                vListInsert
 .text.uxListRemove
                0x000000000800d4f8       0x54 ./ThirdParty/FreeRTOS/list.o
                0x000000000800d4f8                uxListRemove
 .text.xQueueGenericReset
                0x000000000800d54c      0x120 ./ThirdParty/FreeRTOS/queue.o
                0x000000000800d54c                xQueueGenericReset
 .text.xQueueGenericCreate
                0x000000000800d66c       0x9c ./ThirdParty/FreeRTOS/queue.o
                0x000000000800d66c                xQueueGenericCreate
 .text.prvInitialiseNewQueue
                0x000000000800d708       0x46 ./ThirdParty/FreeRTOS/queue.o
 *fill*         0x000000000800d74e        0x2 
 .text.xQueueGenericSend
                0x000000000800d750      0x1fc ./ThirdParty/FreeRTOS/queue.o
                0x000000000800d750                xQueueGenericSend
 .text.xQueueReceive
                0x000000000800d94c      0x1c0 ./ThirdParty/FreeRTOS/queue.o
                0x000000000800d94c                xQueueReceive
 .text.uxQueueMessagesWaiting
                0x000000000800db0c       0x3c ./ThirdParty/FreeRTOS/queue.o
                0x000000000800db0c                uxQueueMessagesWaiting
 .text.prvCopyDataToQueue
                0x000000000800db48       0xd4 ./ThirdParty/FreeRTOS/queue.o
 .text.prvCopyDataFromQueue
                0x000000000800dc1c       0x4c ./ThirdParty/FreeRTOS/queue.o
 .text.prvUnlockQueue
                0x000000000800dc68       0xa4 ./ThirdParty/FreeRTOS/queue.o
 .text.prvIsQueueEmpty
                0x000000000800dd0c       0x2c ./ThirdParty/FreeRTOS/queue.o
 .text.prvIsQueueFull
                0x000000000800dd38       0x30 ./ThirdParty/FreeRTOS/queue.o
 .text.vQueueAddToRegistry
                0x000000000800dd68       0x9c ./ThirdParty/FreeRTOS/queue.o
                0x000000000800dd68                vQueueAddToRegistry
 .text.vQueueWaitForMessageRestricted
                0x000000000800de04       0x68 ./ThirdParty/FreeRTOS/queue.o
                0x000000000800de04                vQueueWaitForMessageRestricted
 .text.xTaskCreate
                0x000000000800de6c       0x82 ./ThirdParty/FreeRTOS/tasks.o
                0x000000000800de6c                xTaskCreate
 .text.prvInitialiseNewTask
                0x000000000800deee      0x148 ./ThirdParty/FreeRTOS/tasks.o
 *fill*         0x000000000800e036        0x2 
 .text.prvAddNewTaskToReadyList
                0x000000000800e038      0x12c ./ThirdParty/FreeRTOS/tasks.o
 .text.xTaskDelayUntil
                0x000000000800e164       0xfc ./ThirdParty/FreeRTOS/tasks.o
                0x000000000800e164                xTaskDelayUntil
 .text.vTaskDelay
                0x000000000800e260       0x68 ./ThirdParty/FreeRTOS/tasks.o
                0x000000000800e260                vTaskDelay
 .text.vTaskStartScheduler
                0x000000000800e2c8       0xa4 ./ThirdParty/FreeRTOS/tasks.o
                0x000000000800e2c8                vTaskStartScheduler
 .text.vTaskSuspendAll
                0x000000000800e36c       0x1c ./ThirdParty/FreeRTOS/tasks.o
                0x000000000800e36c                vTaskSuspendAll
 .text.xTaskResumeAll
                0x000000000800e388      0x1f8 ./ThirdParty/FreeRTOS/tasks.o
                0x000000000800e388                xTaskResumeAll
 .text.xTaskGetTickCount
                0x000000000800e580       0x20 ./ThirdParty/FreeRTOS/tasks.o
                0x000000000800e580                xTaskGetTickCount
 .text.xTaskIncrementTick
                0x000000000800e5a0      0x22c ./ThirdParty/FreeRTOS/tasks.o
                0x000000000800e5a0                xTaskIncrementTick
 .text.vTaskSwitchContext
                0x000000000800e7cc       0xb8 ./ThirdParty/FreeRTOS/tasks.o
                0x000000000800e7cc                vTaskSwitchContext
 .text.vTaskPlaceOnEventList
                0x000000000800e884       0x48 ./ThirdParty/FreeRTOS/tasks.o
                0x000000000800e884                vTaskPlaceOnEventList
 .text.vTaskPlaceOnEventListRestricted
                0x000000000800e8cc       0x8c ./ThirdParty/FreeRTOS/tasks.o
                0x000000000800e8cc                vTaskPlaceOnEventListRestricted
 .text.xTaskRemoveFromEventList
                0x000000000800e958      0x1ac ./ThirdParty/FreeRTOS/tasks.o
                0x000000000800e958                xTaskRemoveFromEventList
 .text.vTaskInternalSetTimeOutState
                0x000000000800eb04       0x2c ./ThirdParty/FreeRTOS/tasks.o
                0x000000000800eb04                vTaskInternalSetTimeOutState
 .text.xTaskCheckForTimeOut
                0x000000000800eb30       0xcc ./ThirdParty/FreeRTOS/tasks.o
                0x000000000800eb30                xTaskCheckForTimeOut
 .text.vTaskMissedYield
                0x000000000800ebfc       0x18 ./ThirdParty/FreeRTOS/tasks.o
                0x000000000800ebfc                vTaskMissedYield
 .text.prvIdleTask
                0x000000000800ec14       0x30 ./ThirdParty/FreeRTOS/tasks.o
 .text.prvInitialiseTaskLists
                0x000000000800ec44       0x80 ./ThirdParty/FreeRTOS/tasks.o
 .text.prvCheckTasksWaitingTermination
                0x000000000800ecc4       0x5c ./ThirdParty/FreeRTOS/tasks.o
 .text.prvDeleteTCB
                0x000000000800ed20       0x20 ./ThirdParty/FreeRTOS/tasks.o
 .text.prvResetNextTaskUnblockTime
                0x000000000800ed40       0x38 ./ThirdParty/FreeRTOS/tasks.o
 .text.xTaskGetSchedulerState
                0x000000000800ed78       0x3c ./ThirdParty/FreeRTOS/tasks.o
                0x000000000800ed78                xTaskGetSchedulerState
 .text.xTaskPriorityDisinherit
                0x000000000800edb4      0x148 ./ThirdParty/FreeRTOS/tasks.o
                0x000000000800edb4                xTaskPriorityDisinherit
 .text.prvAddCurrentTaskToDelayedList
                0x000000000800eefc      0x100 ./ThirdParty/FreeRTOS/tasks.o
 .text.xTimerCreateTimerTask
                0x000000000800effc       0x64 ./ThirdParty/FreeRTOS/timers.o
                0x000000000800effc                xTimerCreateTimerTask
 .text.prvReloadTimer
                0x000000000800f060       0x42 ./ThirdParty/FreeRTOS/timers.o
 *fill*         0x000000000800f0a2        0x2 
 .text.prvProcessExpiredTimer
                0x000000000800f0a4       0x60 ./ThirdParty/FreeRTOS/timers.o
 .text.prvTimerTask
                0x000000000800f104       0x24 ./ThirdParty/FreeRTOS/timers.o
 .text.prvProcessTimerOrBlockTask
                0x000000000800f128       0x9c ./ThirdParty/FreeRTOS/timers.o
 .text.prvGetNextExpireTime
                0x000000000800f1c4       0x48 ./ThirdParty/FreeRTOS/timers.o
 .text.prvSampleTimeNow
                0x000000000800f20c       0x40 ./ThirdParty/FreeRTOS/timers.o
 .text.prvInsertTimerInActiveList
                0x000000000800f24c       0x84 ./ThirdParty/FreeRTOS/timers.o
 .text.prvProcessReceivedCommands
                0x000000000800f2d0      0x17c ./ThirdParty/FreeRTOS/timers.o
 .text.prvSwitchTimerLists
                0x000000000800f44c       0x4c ./ThirdParty/FreeRTOS/timers.o
 .text.prvCheckForValidListAndQueue
                0x000000000800f498       0x6c ./ThirdParty/FreeRTOS/timers.o
 .text.pxPortInitialiseStack
                0x000000000800f504       0x68 ./ThirdParty/FreeRTOS/portable/GCC/ARM_CM4F/port.o
                0x000000000800f504                pxPortInitialiseStack
 .text.prvTaskExitError
                0x000000000800f56c       0x58 ./ThirdParty/FreeRTOS/portable/GCC/ARM_CM4F/port.o
 *fill*         0x000000000800f5c4        0xc 
 .text.SVC_Handler
                0x000000000800f5d0       0x28 ./ThirdParty/FreeRTOS/portable/GCC/ARM_CM4F/port.o
                0x000000000800f5d0                SVC_Handler
 .text.prvPortStartFirstTask
                0x000000000800f5f8       0x2c ./ThirdParty/FreeRTOS/portable/GCC/ARM_CM4F/port.o
 .text.xPortStartScheduler
                0x000000000800f624      0x144 ./ThirdParty/FreeRTOS/portable/GCC/ARM_CM4F/port.o
                0x000000000800f624                xPortStartScheduler
 .text.vPortEnterCritical
                0x000000000800f768       0x60 ./ThirdParty/FreeRTOS/portable/GCC/ARM_CM4F/port.o
                0x000000000800f768                vPortEnterCritical
 .text.vPortExitCritical
                0x000000000800f7c8       0x54 ./ThirdParty/FreeRTOS/portable/GCC/ARM_CM4F/port.o
                0x000000000800f7c8                vPortExitCritical
 *fill*         0x000000000800f81c        0x4 
 .text.PendSV_Handler
                0x000000000800f820       0x68 ./ThirdParty/FreeRTOS/portable/GCC/ARM_CM4F/port.o
                0x000000000800f820                PendSV_Handler
 .text.SysTick_Handler
                0x000000000800f888       0x44 ./ThirdParty/FreeRTOS/portable/GCC/ARM_CM4F/port.o
                0x000000000800f888                SysTick_Handler
 .text.vPortSetupTimerInterrupt
                0x000000000800f8cc       0x48 ./ThirdParty/FreeRTOS/portable/GCC/ARM_CM4F/port.o
                0x000000000800f8cc                vPortSetupTimerInterrupt
 .text.vPortEnableVFP
                0x000000000800f914       0x18 ./ThirdParty/FreeRTOS/portable/GCC/ARM_CM4F/port.o
 .text.pvPortMalloc
                0x000000000800f92c      0x1c0 ./ThirdParty/FreeRTOS/portable/MemMang/heap_4.o
                0x000000000800f92c                pvPortMalloc
 .text.vPortFree
                0x000000000800faec       0xc4 ./ThirdParty/FreeRTOS/portable/MemMang/heap_4.o
                0x000000000800faec                vPortFree
 .text.prvHeapInit
                0x000000000800fbb0       0xc4 ./ThirdParty/FreeRTOS/portable/MemMang/heap_4.o
 .text.prvInsertBlockIntoFreeList
                0x000000000800fc74       0xb4 ./ThirdParty/FreeRTOS/portable/MemMang/heap_4.o
 .text.MX_USB_HOST_Init
                0x000000000800fd28       0x4c ./USB_HOST/App/usb_host.o
                0x000000000800fd28                MX_USB_HOST_Init
 .text.MX_USB_HOST_Process
                0x000000000800fd74       0x14 ./USB_HOST/App/usb_host.o
                0x000000000800fd74                MX_USB_HOST_Process
 .text.USBH_UserProcess
                0x000000000800fd88       0x5c ./USB_HOST/App/usb_host.o
 .text.HAL_HCD_MspInit
                0x000000000800fde4       0xc4 ./USB_HOST/Target/usbh_conf.o
                0x000000000800fde4                HAL_HCD_MspInit
 .text.HAL_HCD_SOF_Callback
                0x000000000800fea8       0x1c ./USB_HOST/Target/usbh_conf.o
                0x000000000800fea8                HAL_HCD_SOF_Callback
 .text.HAL_HCD_Connect_Callback
                0x000000000800fec4       0x1c ./USB_HOST/Target/usbh_conf.o
                0x000000000800fec4                HAL_HCD_Connect_Callback
 .text.HAL_HCD_Disconnect_Callback
                0x000000000800fee0       0x1c ./USB_HOST/Target/usbh_conf.o
                0x000000000800fee0                HAL_HCD_Disconnect_Callback
 .text.HAL_HCD_HC_NotifyURBChange_Callback
                0x000000000800fefc       0x1c ./USB_HOST/Target/usbh_conf.o
                0x000000000800fefc                HAL_HCD_HC_NotifyURBChange_Callback
 .text.HAL_HCD_PortEnabled_Callback
                0x000000000800ff18       0x1c ./USB_HOST/Target/usbh_conf.o
                0x000000000800ff18                HAL_HCD_PortEnabled_Callback
 .text.HAL_HCD_PortDisabled_Callback
                0x000000000800ff34       0x1c ./USB_HOST/Target/usbh_conf.o
                0x000000000800ff34                HAL_HCD_PortDisabled_Callback
 .text.USBH_LL_Init
                0x000000000800ff50       0x78 ./USB_HOST/Target/usbh_conf.o
                0x000000000800ff50                USBH_LL_Init
 .text.USBH_LL_Start
                0x000000000800ffc8       0x36 ./USB_HOST/Target/usbh_conf.o
                0x000000000800ffc8                USBH_LL_Start
 .text.USBH_LL_Stop
                0x000000000800fffe       0x36 ./USB_HOST/Target/usbh_conf.o
                0x000000000800fffe                USBH_LL_Stop
 .text.USBH_LL_GetSpeed
                0x0000000008010034       0x4e ./USB_HOST/Target/usbh_conf.o
                0x0000000008010034                USBH_LL_GetSpeed
 .text.USBH_LL_ResetPort
                0x0000000008010082       0x36 ./USB_HOST/Target/usbh_conf.o
                0x0000000008010082                USBH_LL_ResetPort
 .text.USBH_LL_GetLastXferSize
                0x00000000080100b8       0x26 ./USB_HOST/Target/usbh_conf.o
                0x00000000080100b8                USBH_LL_GetLastXferSize
 .text.USBH_LL_OpenPipe
                0x00000000080100de       0x5e ./USB_HOST/Target/usbh_conf.o
                0x00000000080100de                USBH_LL_OpenPipe
 .text.USBH_LL_ClosePipe
                0x000000000801013c       0x3e ./USB_HOST/Target/usbh_conf.o
                0x000000000801013c                USBH_LL_ClosePipe
 .text.USBH_LL_SubmitURB
                0x000000000801017a       0x62 ./USB_HOST/Target/usbh_conf.o
                0x000000000801017a                USBH_LL_SubmitURB
 .text.USBH_LL_GetURBState
                0x00000000080101dc       0x26 ./USB_HOST/Target/usbh_conf.o
                0x00000000080101dc                USBH_LL_GetURBState
 .text.USBH_LL_DriverVBUS
                0x0000000008010202       0x2e ./USB_HOST/Target/usbh_conf.o
                0x0000000008010202                USBH_LL_DriverVBUS
 .text.USBH_LL_SetToggle
                0x0000000008010230       0x60 ./USB_HOST/Target/usbh_conf.o
                0x0000000008010230                USBH_LL_SetToggle
 .text.USBH_Delay
                0x0000000008010290       0x16 ./USB_HOST/Target/usbh_conf.o
                0x0000000008010290                USBH_Delay
 *fill*         0x00000000080102a6        0x2 
 .text.USBH_Get_USB_Status
                0x00000000080102a8       0x58 ./USB_HOST/Target/usbh_conf.o
                0x00000000080102a8                USBH_Get_USB_Status
 .text.MX_DriverVbusFS
                0x0000000008010300       0x38 ./USB_HOST/Target/usbh_platform.o
                0x0000000008010300                MX_DriverVbusFS
 .text.__libc_init_array
                0x0000000008010338       0x48 c:/st/stm32cubeide_1.9.0/stm32cubeide/plugins/com.st.stm32cube.ide.mcu.externaltools.gnu-tools-for-stm32.10.3-2021.10.win32_1.0.0.202111181127/tools/bin/../lib/gcc/arm-none-eabi/10.3.1/../../../../arm-none-eabi/lib/thumb/v7e-m+fp/hard\libc_nano.a(lib_a-init.o)
                0x0000000008010338                __libc_init_array
 .text.malloc   0x0000000008010380       0x10 c:/st/stm32cubeide_1.9.0/stm32cubeide/plugins/com.st.stm32cube.ide.mcu.externaltools.gnu-tools-for-stm32.10.3-2021.10.win32_1.0.0.202111181127/tools/bin/../lib/gcc/arm-none-eabi/10.3.1/../../../../arm-none-eabi/lib/thumb/v7e-m+fp/hard\libc_nano.a(lib_a-malloc.o)
                0x0000000008010380                malloc
 .text.free     0x0000000008010390       0x10 c:/st/stm32cubeide_1.9.0/stm32cubeide/plugins/com.st.stm32cube.ide.mcu.externaltools.gnu-tools-for-stm32.10.3-2021.10.win32_1.0.0.202111181127/tools/bin/../lib/gcc/arm-none-eabi/10.3.1/../../../../arm-none-eabi/lib/thumb/v7e-m+fp/hard\libc_nano.a(lib_a-malloc.o)
                0x0000000008010390                free
 .text.memcpy   0x00000000080103a0       0x1c c:/st/stm32cubeide_1.9.0/stm32cubeide/plugins/com.st.stm32cube.ide.mcu.externaltools.gnu-tools-for-stm32.10.3-2021.10.win32_1.0.0.202111181127/tools/bin/../lib/gcc/arm-none-eabi/10.3.1/../../../../arm-none-eabi/lib/thumb/v7e-m+fp/hard\libc_nano.a(lib_a-memcpy-stub.o)
                0x00000000080103a0                memcpy
 .text.memset   0x00000000080103bc       0x10 c:/st/stm32cubeide_1.9.0/stm32cubeide/plugins/com.st.stm32cube.ide.mcu.externaltools.gnu-tools-for-stm32.10.3-2021.10.win32_1.0.0.202111181127/tools/bin/../lib/gcc/arm-none-eabi/10.3.1/../../../../arm-none-eabi/lib/thumb/v7e-m+fp/hard\libc_nano.a(lib_a-memset.o)
                0x00000000080103bc                memset
 .text._free_r  0x00000000080103cc       0x98 c:/st/stm32cubeide_1.9.0/stm32cubeide/plugins/com.st.stm32cube.ide.mcu.externaltools.gnu-tools-for-stm32.10.3-2021.10.win32_1.0.0.202111181127/tools/bin/../lib/gcc/arm-none-eabi/10.3.1/../../../../arm-none-eabi/lib/thumb/v7e-m+fp/hard\libc_nano.a(lib_a-nano-freer.o)
                0x00000000080103cc                _free_r
 .text.sbrk_aligned
                0x0000000008010464       0x40 c:/st/stm32cubeide_1.9.0/stm32cubeide/plugins/com.st.stm32cube.ide.mcu.externaltools.gnu-tools-for-stm32.10.3-2021.10.win32_1.0.0.202111181127/tools/bin/../lib/gcc/arm-none-eabi/10.3.1/../../../../arm-none-eabi/lib/thumb/v7e-m+fp/hard\libc_nano.a(lib_a-nano-mallocr.o)
 .text._malloc_r
                0x00000000080104a4       0xe8 c:/st/stm32cubeide_1.9.0/stm32cubeide/plugins/com.st.stm32cube.ide.mcu.externaltools.gnu-tools-for-stm32.10.3-2021.10.win32_1.0.0.202111181127/tools/bin/../lib/gcc/arm-none-eabi/10.3.1/../../../../arm-none-eabi/lib/thumb/v7e-m+fp/hard\libc_nano.a(lib_a-nano-mallocr.o)
                0x00000000080104a4                _malloc_r
 .text._sbrk_r  0x000000000801058c       0x20 c:/st/stm32cubeide_1.9.0/stm32cubeide/plugins/com.st.stm32cube.ide.mcu.externaltools.gnu-tools-for-stm32.10.3-2021.10.win32_1.0.0.202111181127/tools/bin/../lib/gcc/arm-none-eabi/10.3.1/../../../../arm-none-eabi/lib/thumb/v7e-m+fp/hard\libc_nano.a(lib_a-sbrkr.o)
                0x000000000801058c                _sbrk_r
 .text.sprintf  0x00000000080105ac       0x40 c:/st/stm32cubeide_1.9.0/stm32cubeide/plugins/com.st.stm32cube.ide.mcu.externaltools.gnu-tools-for-stm32.10.3-2021.10.win32_1.0.0.202111181127/tools/bin/../lib/gcc/arm-none-eabi/10.3.1/../../../../arm-none-eabi/lib/thumb/v7e-m+fp/hard\libc_nano.a(lib_a-sprintf.o)
                0x00000000080105ac                siprintf
                0x00000000080105ac                sprintf
 .text.__malloc_lock
                0x00000000080105ec        0xc c:/st/stm32cubeide_1.9.0/stm32cubeide/plugins/com.st.stm32cube.ide.mcu.externaltools.gnu-tools-for-stm32.10.3-2021.10.win32_1.0.0.202111181127/tools/bin/../lib/gcc/arm-none-eabi/10.3.1/../../../../arm-none-eabi/lib/thumb/v7e-m+fp/hard\libc_nano.a(lib_a-mlock.o)
                0x00000000080105ec                __malloc_lock
 .text.__malloc_unlock
                0x00000000080105f8        0xc c:/st/stm32cubeide_1.9.0/stm32cubeide/plugins/com.st.stm32cube.ide.mcu.externaltools.gnu-tools-for-stm32.10.3-2021.10.win32_1.0.0.202111181127/tools/bin/../lib/gcc/arm-none-eabi/10.3.1/../../../../arm-none-eabi/lib/thumb/v7e-m+fp/hard\libc_nano.a(lib_a-mlock.o)
                0x00000000080105f8                __malloc_unlock
 .text.__ssputs_r
                0x0000000008010604       0xb6 c:/st/stm32cubeide_1.9.0/stm32cubeide/plugins/com.st.stm32cube.ide.mcu.externaltools.gnu-tools-for-stm32.10.3-2021.10.win32_1.0.0.202111181127/tools/bin/../lib/gcc/arm-none-eabi/10.3.1/../../../../arm-none-eabi/lib/thumb/v7e-m+fp/hard\libc_nano.a(lib_a-nano-svfprintf.o)
                0x0000000008010604                __ssputs_r
 *fill*         0x00000000080106ba        0x2 
 .text._svfprintf_r
                0x00000000080106bc      0x200 c:/st/stm32cubeide_1.9.0/stm32cubeide/plugins/com.st.stm32cube.ide.mcu.externaltools.gnu-tools-for-stm32.10.3-2021.10.win32_1.0.0.202111181127/tools/bin/../lib/gcc/arm-none-eabi/10.3.1/../../../../arm-none-eabi/lib/thumb/v7e-m+fp/hard\libc_nano.a(lib_a-nano-svfprintf.o)
                0x00000000080106bc                _svfiprintf_r
                0x00000000080106bc                _svfprintf_r
 .text._printf_common
                0x00000000080108bc       0xda c:/st/stm32cubeide_1.9.0/stm32cubeide/plugins/com.st.stm32cube.ide.mcu.externaltools.gnu-tools-for-stm32.10.3-2021.10.win32_1.0.0.202111181127/tools/bin/../lib/gcc/arm-none-eabi/10.3.1/../../../../arm-none-eabi/lib/thumb/v7e-m+fp/hard\libc_nano.a(lib_a-nano-vfprintf_i.o)
                0x00000000080108bc                _printf_common
 *fill*         0x0000000008010996        0x2 
 .text._printf_i
                0x0000000008010998      0x24c c:/st/stm32cubeide_1.9.0/stm32cubeide/plugins/com.st.stm32cube.ide.mcu.externaltools.gnu-tools-for-stm32.10.3-2021.10.win32_1.0.0.202111181127/tools/bin/../lib/gcc/arm-none-eabi/10.3.1/../../../../arm-none-eabi/lib/thumb/v7e-m+fp/hard\libc_nano.a(lib_a-nano-vfprintf_i.o)
                0x0000000008010998                _printf_i
 .text.__retarget_lock_acquire_recursive
                0x0000000008010be4        0x2 c:/st/stm32cubeide_1.9.0/stm32cubeide/plugins/com.st.stm32cube.ide.mcu.externaltools.gnu-tools-for-stm32.10.3-2021.10.win32_1.0.0.202111181127/tools/bin/../lib/gcc/arm-none-eabi/10.3.1/../../../../arm-none-eabi/lib/thumb/v7e-m+fp/hard\libc_nano.a(lib_a-lock.o)
                0x0000000008010be4                __retarget_lock_acquire_recursive
 .text.__retarget_lock_release_recursive
                0x0000000008010be6        0x2 c:/st/stm32cubeide_1.9.0/stm32cubeide/plugins/com.st.stm32cube.ide.mcu.externaltools.gnu-tools-for-stm32.10.3-2021.10.win32_1.0.0.202111181127/tools/bin/../lib/gcc/arm-none-eabi/10.3.1/../../../../arm-none-eabi/lib/thumb/v7e-m+fp/hard\libc_nano.a(lib_a-lock.o)
                0x0000000008010be6                __retarget_lock_release_recursive
 .text.memmove  0x0000000008010be8       0x34 c:/st/stm32cubeide_1.9.0/stm32cubeide/plugins/com.st.stm32cube.ide.mcu.externaltools.gnu-tools-for-stm32.10.3-2021.10.win32_1.0.0.202111181127/tools/bin/../lib/gcc/arm-none-eabi/10.3.1/../../../../arm-none-eabi/lib/thumb/v7e-m+fp/hard\libc_nano.a(lib_a-memmove.o)
                0x0000000008010be8                memmove
 .text._realloc_r
                0x0000000008010c1c       0x5e c:/st/stm32cubeide_1.9.0/stm32cubeide/plugins/com.st.stm32cube.ide.mcu.externaltools.gnu-tools-for-stm32.10.3-2021.10.win32_1.0.0.202111181127/tools/bin/../lib/gcc/arm-none-eabi/10.3.1/../../../../arm-none-eabi/lib/thumb/v7e-m+fp/hard\libc_nano.a(lib_a-nano-reallocr.o)
                0x0000000008010c1c                _realloc_r
 .text._malloc_usable_size_r
                0x0000000008010c7a       0x10 c:/st/stm32cubeide_1.9.0/stm32cubeide/plugins/com.st.stm32cube.ide.mcu.externaltools.gnu-tools-for-stm32.10.3-2021.10.win32_1.0.0.202111181127/tools/bin/../lib/gcc/arm-none-eabi/10.3.1/../../../../arm-none-eabi/lib/thumb/v7e-m+fp/hard\libc_nano.a(lib_a-nano-msizer.o)
                0x0000000008010c7a                _malloc_usable_size_r
 *fill*         0x0000000008010c8a        0x2 
 .text._sbrk    0x0000000008010c8c       0x1c c:/st/stm32cubeide_1.9.0/stm32cubeide/plugins/com.st.stm32cube.ide.mcu.externaltools.gnu-tools-for-stm32.10.3-2021.10.win32_1.0.0.202111181127/tools/bin/../lib/gcc/arm-none-eabi/10.3.1/../../../../arm-none-eabi/lib/thumb/v7e-m+fp/hard\libnosys.a(sbrk.o)
                0x0000000008010c8c                _sbrk
 *(.glue_7)
 .glue_7        0x0000000008010ca8        0x0 linker stubs
 *(.glue_7t)
 .glue_7t       0x0000000008010ca8        0x0 linker stubs
 *(.eh_frame)
 .eh_frame      0x0000000008010ca8        0x0 c:/st/stm32cubeide_1.9.0/stm32cubeide/plugins/com.st.stm32cube.ide.mcu.externaltools.gnu-tools-for-stm32.10.3-2021.10.win32_1.0.0.202111181127/tools/bin/../lib/gcc/arm-none-eabi/10.3.1/thumb/v7e-m+fp/hard/crtbegin.o
 *(.init)
 .init          0x0000000008010ca8        0x4 c:/st/stm32cubeide_1.9.0/stm32cubeide/plugins/com.st.stm32cube.ide.mcu.externaltools.gnu-tools-for-stm32.10.3-2021.10.win32_1.0.0.202111181127/tools/bin/../lib/gcc/arm-none-eabi/10.3.1/thumb/v7e-m+fp/hard/crti.o
                0x0000000008010ca8                _init
 .init          0x0000000008010cac        0x8 c:/st/stm32cubeide_1.9.0/stm32cubeide/plugins/com.st.stm32cube.ide.mcu.externaltools.gnu-tools-for-stm32.10.3-2021.10.win32_1.0.0.202111181127/tools/bin/../lib/gcc/arm-none-eabi/10.3.1/thumb/v7e-m+fp/hard/crtn.o
 *(.fini)
 .fini          0x0000000008010cb4        0x4 c:/st/stm32cubeide_1.9.0/stm32cubeide/plugins/com.st.stm32cube.ide.mcu.externaltools.gnu-tools-for-stm32.10.3-2021.10.win32_1.0.0.202111181127/tools/bin/../lib/gcc/arm-none-eabi/10.3.1/thumb/v7e-m+fp/hard/crti.o
                0x0000000008010cb4                _fini
 .fini          0x0000000008010cb8        0x8 c:/st/stm32cubeide_1.9.0/stm32cubeide/plugins/com.st.stm32cube.ide.mcu.externaltools.gnu-tools-for-stm32.10.3-2021.10.win32_1.0.0.202111181127/tools/bin/../lib/gcc/arm-none-eabi/10.3.1/thumb/v7e-m+fp/hard/crtn.o
                0x0000000008010cc0                . = ALIGN (0x4)
                0x0000000008010cc0                _etext = .

.vfp11_veneer   0x0000000008010cc0        0x0
 .vfp11_veneer  0x0000000008010cc0        0x0 linker stubs

.v4_bx          0x0000000008010cc0        0x0
 .v4_bx         0x0000000008010cc0        0x0 linker stubs

.iplt           0x0000000008010cc0        0x0
 .iplt          0x0000000008010cc0        0x0 c:/st/stm32cubeide_1.9.0/stm32cubeide/plugins/com.st.stm32cube.ide.mcu.externaltools.gnu-tools-for-stm32.10.3-2021.10.win32_1.0.0.202111181127/tools/bin/../lib/gcc/arm-none-eabi/10.3.1/thumb/v7e-m+fp/hard/crtbegin.o

.rodata         0x0000000008010cc0      0x964
                0x0000000008010cc0                . = ALIGN (0x4)
 *(.rodata)
 .rodata        0x0000000008010cc0       0xd7 ./Core/Src/main.o
 *fill*         0x0000000008010d97        0x1 
 .rodata        0x0000000008010d98        0x4 ./Middlewares/ST/STM32_USB_Host_Library/Class/CDC/Src/usbh_cdc.o
 .rodata        0x0000000008010d9c        0x5 ./ThirdParty/FreeRTOS/tasks.o
 *fill*         0x0000000008010da1        0x3 
 .rodata        0x0000000008010da4        0xd ./ThirdParty/FreeRTOS/timers.o
 *(.rodata*)
 *fill*         0x0000000008010db1        0x3 
 .rodata.uch_spo2_table
                0x0000000008010db4       0xb8 ./Core/Src/algorithm.o
                0x0000000008010db4                uch_spo2_table
 .rodata.Font7x10
                0x0000000008010e6c      0x76c ./Core/Src/fonts.o
                0x0000000008010e6c                Font7x10
 .rodata.AHBPrescTable
                0x00000000080115d8       0x10 ./Core/Src/system_stm32f4xx.o
                0x00000000080115d8                AHBPrescTable
 .rodata.APBPrescTable
                0x00000000080115e8        0x8 ./Core/Src/system_stm32f4xx.o
                0x00000000080115e8                APBPrescTable
 .rodata._svfprintf_r.str1.1
                0x00000000080115f0       0x11 c:/st/stm32cubeide_1.9.0/stm32cubeide/plugins/com.st.stm32cube.ide.mcu.externaltools.gnu-tools-for-stm32.10.3-2021.10.win32_1.0.0.202111181127/tools/bin/../lib/gcc/arm-none-eabi/10.3.1/../../../../arm-none-eabi/lib/thumb/v7e-m+fp/hard\libc_nano.a(lib_a-nano-svfprintf.o)
 .rodata._printf_i.str1.1
                0x0000000008011601       0x22 c:/st/stm32cubeide_1.9.0/stm32cubeide/plugins/com.st.stm32cube.ide.mcu.externaltools.gnu-tools-for-stm32.10.3-2021.10.win32_1.0.0.202111181127/tools/bin/../lib/gcc/arm-none-eabi/10.3.1/../../../../arm-none-eabi/lib/thumb/v7e-m+fp/hard\libc_nano.a(lib_a-nano-vfprintf_i.o)
                0x0000000008011624                . = ALIGN (0x4)
 *fill*         0x0000000008011623        0x1 

.ARM.extab      0x0000000008011624        0x0
                0x0000000008011624                . = ALIGN (0x4)
 *(.ARM.extab* .gnu.linkonce.armextab.*)
                0x0000000008011624                . = ALIGN (0x4)

.ARM            0x0000000008011624        0x8
                0x0000000008011624                . = ALIGN (0x4)
                0x0000000008011624                __exidx_start = .
 *(.ARM.exidx*)
 .ARM.exidx     0x0000000008011624        0x8 c:/st/stm32cubeide_1.9.0/stm32cubeide/plugins/com.st.stm32cube.ide.mcu.externaltools.gnu-tools-for-stm32.10.3-2021.10.win32_1.0.0.202111181127/tools/bin/../lib/gcc/arm-none-eabi/10.3.1/thumb/v7e-m+fp/hard\libgcc.a(_udivmoddi4.o)
                0x000000000801162c                __exidx_end = .
                0x000000000801162c                . = ALIGN (0x4)

.rel.dyn        0x000000000801162c        0x0
 .rel.iplt      0x000000000801162c        0x0 c:/st/stm32cubeide_1.9.0/stm32cubeide/plugins/com.st.stm32cube.ide.mcu.externaltools.gnu-tools-for-stm32.10.3-2021.10.win32_1.0.0.202111181127/tools/bin/../lib/gcc/arm-none-eabi/10.3.1/thumb/v7e-m+fp/hard/crtbegin.o

.preinit_array  0x000000000801162c        0x0
                0x000000000801162c                . = ALIGN (0x4)
                0x000000000801162c                PROVIDE (__preinit_array_start = .)
 *(.preinit_array*)
                0x000000000801162c                PROVIDE (__preinit_array_end = .)
                0x000000000801162c                . = ALIGN (0x4)

.init_array     0x000000000801162c        0x4
                0x000000000801162c                . = ALIGN (0x4)
                0x000000000801162c                PROVIDE (__init_array_start = .)
 *(SORT_BY_NAME(.init_array.*))
 *(.init_array*)
 .init_array    0x000000000801162c        0x4 c:/st/stm32cubeide_1.9.0/stm32cubeide/plugins/com.st.stm32cube.ide.mcu.externaltools.gnu-tools-for-stm32.10.3-2021.10.win32_1.0.0.202111181127/tools/bin/../lib/gcc/arm-none-eabi/10.3.1/thumb/v7e-m+fp/hard/crtbegin.o
                0x0000000008011630                PROVIDE (__init_array_end = .)
                0x0000000008011630                . = ALIGN (0x4)

.fini_array     0x0000000008011630        0x4
                0x0000000008011630                . = ALIGN (0x4)
                [!provide]                        PROVIDE (__fini_array_start = .)
 *(SORT_BY_NAME(.fini_array.*))
 *(.fini_array*)
 .fini_array    0x0000000008011630        0x4 c:/st/stm32cubeide_1.9.0/stm32cubeide/plugins/com.st.stm32cube.ide.mcu.externaltools.gnu-tools-for-stm32.10.3-2021.10.win32_1.0.0.202111181127/tools/bin/../lib/gcc/arm-none-eabi/10.3.1/thumb/v7e-m+fp/hard/crtbegin.o
                [!provide]                        PROVIDE (__fini_array_end = .)
                0x0000000008011634                . = ALIGN (0x4)
                0x0000000008011634                _sidata = LOADADDR (.data)

.data           0x0000000020000000       0xb4 load address 0x0000000008011634
                0x0000000020000000                . = ALIGN (0x4)
                0x0000000020000000                _sdata = .
 *(.data)
 *(.data*)
 .data.Font_7x10
                0x0000000020000000        0x8 ./Core/Src/fonts.o
                0x0000000020000000                Font_7x10
 .data.volumePerBreath
                0x0000000020000008        0x2 ./Core/Src/main.o
                0x0000000020000008                volumePerBreath
 .data.breathsPerMinute
                0x000000002000000a        0x2 ./Core/Src/main.o
                0x000000002000000a                breathsPerMinute
 .data.inspirationRatio
                0x000000002000000c        0x1 ./Core/Src/main.o
                0x000000002000000c                inspirationRatio
 .data.expirationRatio
                0x000000002000000d        0x1 ./Core/Src/main.o
                0x000000002000000d                expirationRatio
 .data.bufferLength
                0x000000002000000e        0x1 ./Core/Src/main.o
                0x000000002000000e                bufferLength
 *fill*         0x000000002000000f        0x1 
 .data.spo2     0x0000000020000010        0x4 ./Core/Src/main.o
                0x0000000020000010                spo2
 .data.heartRate
                0x0000000020000014        0x4 ./Core/Src/main.o
                0x0000000020000014                heartRate
 .data.airwayPressure
                0x0000000020000018        0x1 ./Core/Src/main.o
                0x0000000020000018                airwayPressure
 *fill*         0x0000000020000019        0x3 
 .data.SystemCoreClock
                0x000000002000001c        0x4 ./Core/Src/system_stm32f4xx.o
                0x000000002000001c                SystemCoreClock
 .data.uwTickPrio
                0x0000000020000020        0x4 ./Drivers/STM32F4xx_HAL_Driver/Src/stm32f4xx_hal.o
                0x0000000020000020                uwTickPrio
 .data.uwTickFreq
                0x0000000020000024        0x1 ./Drivers/STM32F4xx_HAL_Driver/Src/stm32f4xx_hal.o
                0x0000000020000024                uwTickFreq
 *fill*         0x0000000020000025        0x3 
 .data.CDC_Class
                0x0000000020000028       0x20 ./Middlewares/ST/STM32_USB_Host_Library/Class/CDC/Src/usbh_cdc.o
                0x0000000020000028                CDC_Class
 .data.uxTopUsedPriority
                0x0000000020000048        0x4 ./ThirdParty/FreeRTOS/tasks.o