../Core/Src/main.c:159:5:main	48	static,ignoring_inline_asm
../Core/Src/main.c:272:6:SystemClock_Config	88	static
../Core/Src/main.c:318:13:MX_ADC1_Init	24	static
../Core/Src/main.c:370:13:MX_I2C1_Init	8	static
../Core/Src/main.c:404:13:MX_I2C3_Init	8	static
../Core/Src/main.c:438:13:MX_I2S3_Init	8	static
../Core/Src/main.c:472:13:MX_SPI1_Init	8	static
../Core/Src/main.c:510:13:MX_TIM1_Init	96	static
../Core/Src/main.c:585:13:MX_GPIO_Init	56	static
../Core/Src/main.c:674:6:config_max30102_sensor	8	static
../Core/Src/main.c:699:6:initiate_max30102_temp_measurement	8	static
../Core/Src/main.c:707:6:setIE	16	static
../Core/Src/main.c:727:10:map	24	static
../Core/Src/main.c:762:13:motor_task_handler	48	static
../Core/Src/main.c:784:13:max_sample_task_handler	24	static
../Core/Src/main.c:796:13:max_calc_task_handler	56	static
../Core/Src/main.c:885:13:pressure_task_handler	24	static
../Core/Src/main.c:903:13:oled_task_handler	96	static
../Core/Src/main.c:982:13:adc_task_handler	32	static
../Core/Src/main.c:1030:13:indicator_task_handler	16	static
../Core/Src/main.c:1066:6:HAL_TIM_PeriodElapsedCallback	16	static
../Core/Src/main.c:1083:6:Error_Handler	4	static,ignoring_inline_asm
